Archive member included to satisfy reference by file (symbol)

c:/st/stm32cubeide_1.10.1/stm32cubeide/plugins/com.st.stm32cube.ide.mcu.externaltools.gnu-tools-for-stm32.10.3-2021.10.win32_1.0.0.202111181127/tools/bin/../lib/gcc/arm-none-eabi/10.3.1/../../../../arm-none-eabi/lib/thumb/v7e-m+fp/hard\libc_nano.a(lib_a-errno.o)
                              ./Core/Src/syscalls.o (__errno)
c:/st/stm32cubeide_1.10.1/stm32cubeide/plugins/com.st.stm32cube.ide.mcu.externaltools.gnu-tools-for-stm32.10.3-2021.10.win32_1.0.0.202111181127/tools/bin/../lib/gcc/arm-none-eabi/10.3.1/../../../../arm-none-eabi/lib/thumb/v7e-m+fp/hard\libc_nano.a(lib_a-exit.o)
                              c:/st/stm32cubeide_1.10.1/stm32cubeide/plugins/com.st.stm32cube.ide.mcu.externaltools.gnu-tools-for-stm32.10.3-2021.10.win32_1.0.0.202111181127/tools/bin/../lib/gcc/arm-none-eabi/10.3.1/../../../../arm-none-eabi/lib/thumb/v7e-m+fp/hard/crt0.o (exit)
c:/st/stm32cubeide_1.10.1/stm32cubeide/plugins/com.st.stm32cube.ide.mcu.externaltools.gnu-tools-for-stm32.10.3-2021.10.win32_1.0.0.202111181127/tools/bin/../lib/gcc/arm-none-eabi/10.3.1/../../../../arm-none-eabi/lib/thumb/v7e-m+fp/hard\libc_nano.a(lib_a-fflush.o)
                              ./Supporting_Functions/Src/supporting_Functions.o (fflush)
c:/st/stm32cubeide_1.10.1/stm32cubeide/plugins/com.st.stm32cube.ide.mcu.externaltools.gnu-tools-for-stm32.10.3-2021.10.win32_1.0.0.202111181127/tools/bin/../lib/gcc/arm-none-eabi/10.3.1/../../../../arm-none-eabi/lib/thumb/v7e-m+fp/hard\libc_nano.a(lib_a-findfp.o)
                              c:/st/stm32cubeide_1.10.1/stm32cubeide/plugins/com.st.stm32cube.ide.mcu.externaltools.gnu-tools-for-stm32.10.3-2021.10.win32_1.0.0.202111181127/tools/bin/../lib/gcc/arm-none-eabi/10.3.1/../../../../arm-none-eabi/lib/thumb/v7e-m+fp/hard\libc_nano.a(lib_a-fflush.o) (__sinit)
c:/st/stm32cubeide_1.10.1/stm32cubeide/plugins/com.st.stm32cube.ide.mcu.externaltools.gnu-tools-for-stm32.10.3-2021.10.win32_1.0.0.202111181127/tools/bin/../lib/gcc/arm-none-eabi/10.3.1/../../../../arm-none-eabi/lib/thumb/v7e-m+fp/hard\libc_nano.a(lib_a-fwalk.o)
                              c:/st/stm32cubeide_1.10.1/stm32cubeide/plugins/com.st.stm32cube.ide.mcu.externaltools.gnu-tools-for-stm32.10.3-2021.10.win32_1.0.0.202111181127/tools/bin/../lib/gcc/arm-none-eabi/10.3.1/../../../../arm-none-eabi/lib/thumb/v7e-m+fp/hard\libc_nano.a(lib_a-findfp.o) (_fwalk)
c:/st/stm32cubeide_1.10.1/stm32cubeide/plugins/com.st.stm32cube.ide.mcu.externaltools.gnu-tools-for-stm32.10.3-2021.10.win32_1.0.0.202111181127/tools/bin/../lib/gcc/arm-none-eabi/10.3.1/../../../../arm-none-eabi/lib/thumb/v7e-m+fp/hard\libc_nano.a(lib_a-impure.o)
                              c:/st/stm32cubeide_1.10.1/stm32cubeide/plugins/com.st.stm32cube.ide.mcu.externaltools.gnu-tools-for-stm32.10.3-2021.10.win32_1.0.0.202111181127/tools/bin/../lib/gcc/arm-none-eabi/10.3.1/../../../../arm-none-eabi/lib/thumb/v7e-m+fp/hard\libc_nano.a(lib_a-exit.o) (_global_impure_ptr)
c:/st/stm32cubeide_1.10.1/stm32cubeide/plugins/com.st.stm32cube.ide.mcu.externaltools.gnu-tools-for-stm32.10.3-2021.10.win32_1.0.0.202111181127/tools/bin/../lib/gcc/arm-none-eabi/10.3.1/../../../../arm-none-eabi/lib/thumb/v7e-m+fp/hard\libc_nano.a(lib_a-init.o)
                              c:/st/stm32cubeide_1.10.1/stm32cubeide/plugins/com.st.stm32cube.ide.mcu.externaltools.gnu-tools-for-stm32.10.3-2021.10.win32_1.0.0.202111181127/tools/bin/../lib/gcc/arm-none-eabi/10.3.1/../../../../arm-none-eabi/lib/thumb/v7e-m+fp/hard/crt0.o (__libc_init_array)
c:/st/stm32cubeide_1.10.1/stm32cubeide/plugins/com.st.stm32cube.ide.mcu.externaltools.gnu-tools-for-stm32.10.3-2021.10.win32_1.0.0.202111181127/tools/bin/../lib/gcc/arm-none-eabi/10.3.1/../../../../arm-none-eabi/lib/thumb/v7e-m+fp/hard\libc_nano.a(lib_a-lock.o)
                              c:/st/stm32cubeide_1.10.1/stm32cubeide/plugins/com.st.stm32cube.ide.mcu.externaltools.gnu-tools-for-stm32.10.3-2021.10.win32_1.0.0.202111181127/tools/bin/../lib/gcc/arm-none-eabi/10.3.1/../../../../arm-none-eabi/lib/thumb/v7e-m+fp/hard\libc_nano.a(lib_a-findfp.o) (__retarget_lock_init_recursive)
c:/st/stm32cubeide_1.10.1/stm32cubeide/plugins/com.st.stm32cube.ide.mcu.externaltools.gnu-tools-for-stm32.10.3-2021.10.win32_1.0.0.202111181127/tools/bin/../lib/gcc/arm-none-eabi/10.3.1/../../../../arm-none-eabi/lib/thumb/v7e-m+fp/hard\libc_nano.a(lib_a-memcpy-stub.o)
                              ./Middlewares/Third_Party/FreeRTOS/Source/queue.o (memcpy)
c:/st/stm32cubeide_1.10.1/stm32cubeide/plugins/com.st.stm32cube.ide.mcu.externaltools.gnu-tools-for-stm32.10.3-2021.10.win32_1.0.0.202111181127/tools/bin/../lib/gcc/arm-none-eabi/10.3.1/../../../../arm-none-eabi/lib/thumb/v7e-m+fp/hard\libc_nano.a(lib_a-memset.o)
[...]
Memory Configuration

Name             Origin             Length             Attributes
CCMRAM           0x0000000010000000 0x0000000000010000 xrw
RAM              0x0000000020000000 0x0000000000030000 xrw
FLASH            0x0000000008000000 0x0000000000200000 xr
*default*        0x0000000000000000 0xffffffffffffffff

Linker script and memory map

LOAD c:/st/stm32cubeide_1.10.1/stm32cubeide/plugins/com.st.stm32cube.ide.mcu.externaltools.gnu-tools-for-stm32.10.3-2021.10.win32_1.0.0.202111181127/tools/bin/../lib/gcc/arm-none-eabi/10.3.1/thumb/v7e-m+fp/hard/crti.o
LOAD c:/st/stm32cubeide_1.10.1/stm32cubeide/plugins/com.st.stm32cube.ide.mcu.externaltools.gnu-tools-for-stm32.10.3-2021.10.win32_1.0.0.202111181127/tools/bin/../lib/gcc/arm-none-eabi/10.3.1/thumb/v7e-m+fp/hard/crtbegin.o
LOAD c:/st/stm32cubeide_1.10.1/stm32cubeide/plugins/com.st.stm32cube.ide.mcu.externaltools.gnu-tools-for-stm32.10.3-2021.10.win32_1.0.0.202111181127/tools/bin/../lib/gcc/arm-none-eabi/10.3.1/../../../../arm-none-eabi/lib/thumb/v7e-m+fp/hard/crt0.o
LOAD ./App/Src/app.o
LOAD ./App/Src/task_A.o
LOAD ./App/Src/task_AB.o
LOAD ./App/Src/task_B.o
LOAD ./App/Src/task_C.o
LOAD ./App/Src/task_Test.o
LOAD ./Core/Src/freertos.o
LOAD ./Core/Src/main.o
LOAD ./Core/Src/stm32f4xx_hal_msp.o
LOAD ./Core/Src/stm32f4xx_hal_timebase_tim.o
LOAD ./Core/Src/stm32f4xx_it.o
LOAD ./Core/Src/syscalls.o
LOAD ./Core/Src/sysmem.o
LOAD ./Core/Src/system_stm32f4xx.o
LOAD ./Core/Startup/startup_stm32f429zitx.o
LOAD ./Drivers/STM32F4xx_HAL_Driver/Src/stm32f4xx_hal.o
LOAD ./Drivers/STM32F4xx_HAL_Driver/Src/stm32f4xx_hal_cortex.o
LOAD ./Drivers/STM32F4xx_HAL_Driver/Src/stm32f4xx_hal_dma.o
LOAD ./Drivers/STM32F4xx_HAL_Driver/Src/stm32f4xx_hal_dma_ex.o
LOAD ./Drivers/STM32F4xx_HAL_Driver/Src/stm32f4xx_hal_eth.o
LOAD ./Drivers/STM32F4xx_HAL_Driver/Src/stm32f4xx_hal_exti.o
LOAD ./Drivers/STM32F4xx_HAL_Driver/Src/stm32f4xx_hal_flash.o
LOAD ./Drivers/STM32F4xx_HAL_Driver/Src/stm32f4xx_hal_flash_ex.o
LOAD ./Drivers/STM32F4xx_HAL_Driver/Src/stm32f4xx_hal_flash_ramfunc.o
LOAD ./Drivers/STM32F4xx_HAL_Driver/Src/stm32f4xx_hal_gpio.o
LOAD ./Drivers/STM32F4xx_HAL_Driver/Src/stm32f4xx_hal_pcd.o
LOAD ./Drivers/STM32F4xx_HAL_Driver/Src/stm32f4xx_hal_pcd_ex.o
LOAD ./Drivers/STM32F4xx_HAL_Driver/Src/stm32f4xx_hal_pwr.o
LOAD ./Drivers/STM32F4xx_HAL_Driver/Src/stm32f4xx_hal_pwr_ex.o
LOAD ./Drivers/STM32F4xx_HAL_Driver/Src/stm32f4xx_hal_rcc.o
LOAD ./Drivers/STM32F4xx_HAL_Driver/Src/stm32f4xx_hal_rcc_ex.o
LOAD ./Drivers/STM32F4xx_HAL_Driver/Src/stm32f4xx_hal_tim.o
LOAD ./Drivers/STM32F4xx_HAL_Driver/Src/stm32f4xx_hal_tim_ex.o
LOAD ./Drivers/STM32F4xx_HAL_Driver/Src/stm32f4xx_hal_uart.o
LOAD ./Drivers/STM32F4xx_HAL_Driver/Src/stm32f4xx_ll_usb.o
LOAD ./Middlewares/Third_Party/FreeRTOS/Source/CMSIS_RTOS/cmsis_os.o
LOAD ./Middlewares/Third_Party/FreeRTOS/Source/croutine.o
LOAD ./Middlewares/Third_Party/FreeRTOS/Source/event_groups.o
LOAD ./Middlewares/Third_Party/FreeRTOS/Source/list.o
LOAD ./Middlewares/Third_Party/FreeRTOS/Source/queue.o
LOAD ./Middlewares/Third_Party/FreeRTOS/Source/stream_buffer.o
LOAD ./Middlewares/Third_Party/FreeRTOS/Source/tasks.o
LOAD ./Middlewares/Third_Party/FreeRTOS/Source/timers.o
LOAD ./Middlewares/Third_Party/FreeRTOS/Source/portable/GCC/ARM_CM4F/port.o
LOAD ./Middlewares/Third_Party/FreeRTOS/Source/portable/MemMang/heap_4.o
LOAD ./Supporting_Functions/Src/supporting_Functions.o
START GROUP
LOAD c:/st/stm32cubeide_1.10.1/stm32cubeide/plugins/com.st.stm32cube.ide.mcu.externaltools.gnu-tools-for-stm32.10.3-2021.10.win32_1.0.0.202111181127/tools/bin/../lib/gcc/arm-none-eabi/10.3.1/../../../../arm-none-eabi/lib/thumb/v7e-m+fp/hard\libc_nano.a
LOAD c:/st/stm32cubeide_1.10.1/stm32cubeide/plugins/com.st.stm32cube.ide.mcu.externaltools.gnu-tools-for-stm32.10.3-2021.10.win32_1.0.0.202111181127/tools/bin/../lib/gcc/arm-none-eabi/10.3.1/../../../../arm-none-eabi/lib/thumb/v7e-m+fp/hard\libm.a
END GROUP
START GROUP
LOAD c:/st/stm32cubeide_1.10.1/stm32cubeide/plugins/com.st.stm32cube.ide.mcu.externaltools.gnu-tools-for-stm32.10.3-2021.10.win32_1.0.0.202111181127/tools/bin/../lib/gcc/arm-none-eabi/10.3.1/thumb/v7e-m+fp/hard\libgcc.a
LOAD c:/st/stm32cubeide_1.10.1/stm32cubeide/plugins/com.st.stm32cube.ide.mcu.externaltools.gnu-tools-for-stm32.10.3-2021.10.win32_1.0.0.202111181127/tools/bin/../lib/gcc/arm-none-eabi/10.3.1/../../../../arm-none-eabi/lib/thumb/v7e-m+fp/hard\libc_nano.a
END GROUP
START GROUP
LOAD c:/st/stm32cubeide_1.10.1/stm32cubeide/plugins/com.st.stm32cube.ide.mcu.externaltools.gnu-tools-for-stm32.10.3-2021.10.win32_1.0.0.202111181127/tools/bin/../lib/gcc/arm-none-eabi/10.3.1/thumb/v7e-m+fp/hard\libgcc.a
LOAD c:/st/stm32cubeide_1.10.1/stm32cubeide/plugins/com.st.stm32cube.ide.mcu.externaltools.gnu-tools-for-stm32.10.3-2021.10.win32_1.0.0.202111181127/tools/bin/../lib/gcc/arm-none-eabi/10.3.1/../../../../arm-none-eabi/lib/thumb/v7e-m+fp/hard\libc_nano.a
LOAD c:/st/stm32cubeide_1.10.1/stm32cubeide/plugins/com.st.stm32cube.ide.mcu.externaltools.gnu-tools-for-stm32.10.3-2021.10.win32_1.0.0.202111181127/tools/bin/../lib/gcc/arm-none-eabi/10.3.1/../../../../arm-none-eabi/lib/thumb/v7e-m+fp/hard\libnosys.a
END GROUP
START GROUP
LOAD c:/st/stm32cubeide_1.10.1/stm32cubeide/plugins/com.st.stm32cube.ide.mcu.externaltools.gnu-tools-for-stm32.10.3-2021.10.win32_1.0.0.202111181127/tools/bin/../lib/gcc/arm-none-eabi/10.3.1/thumb/v7e-m+fp/hard\libgcc.a
LOAD c:/st/stm32cubeide_1.10.1/stm32cubeide/plugins/com.st.stm32cube.ide.mcu.externaltools.gnu-tools-for-stm32.10.3-2021.10.win32_1.0.0.202111181127/tools/bin/../lib/gcc/arm-none-eabi/10.3.1/../../../../arm-none-eabi/lib/thumb/v7e-m+fp/hard\libc_nano.a
LOAD c:/st/stm32cubeide_1.10.1/stm32cubeide/plugins/com.st.stm32cube.ide.mcu.externaltools.gnu-tools-for-stm32.10.3-2021.10.win32_1.0.0.202111181127/tools/bin/../lib/gcc/arm-none-eabi/10.3.1/../../../../arm-none-eabi/lib/thumb/v7e-m+fp/hard\libnosys.a
END GROUP
LOAD c:/st/stm32cubeide_1.10.1/stm32cubeide/plugins/com.st.stm32cube.ide.mcu.externaltools.gnu-tools-for-stm32.10.3-2021.10.win32_1.0.0.202111181127/tools/bin/../lib/gcc/arm-none-eabi/10.3.1/thumb/v7e-m+fp/hard/crtend.o
LOAD c:/st/stm32cubeide_1.10.1/stm32cubeide/plugins/com.st.stm32cube.ide.mcu.externaltools.gnu-tools-for-stm32.10.3-2021.10.win32_1.0.0.202111181127/tools/bin/../lib/gcc/arm-none-eabi/10.3.1/thumb/v7e-m+fp/hard/crtn.o
                0x0000000020030000                _estack = (ORIGIN (RAM) + LENGTH (RAM))
                0x0000000000000200                _Min_Heap_Size = 0x200
                0x0000000000000400                _Min_Stack_Size = 0x400

.isr_vector     0x0000000008000000      0x1ac
                0x0000000008000000                . = ALIGN (0x4)
 *(.isr_vector)
 .isr_vector    0x0000000008000000      0x1ac ./Core/Startup/startup_stm32f429zitx.o
                0x0000000008000000                g_pfnVectors
                0x00000000080001ac                . = ALIGN (0x4)

.text           0x00000000080001b0     0x774c
                0x00000000080001b0                . = ALIGN (0x4)
 *(.text)
 .text          0x00000000080001b0       0x40 c:/st/stm32cubeide_1.10.1/stm32cubeide/plugins/com.st.stm32cube.ide.mcu.externaltools.gnu-tools-for-stm32.10.3-2021.10.win32_1.0.0.202111181127/tools/bin/../lib/gcc/arm-none-eabi/10.3.1/thumb/v7e-m+fp/hard/crtbegin.o
 .text          0x00000000080001f0       0xa0 c:/st/stm32cubeide_1.10.1/stm32cubeide/plugins/com.st.stm32cube.ide.mcu.externaltools.gnu-tools-for-stm32.10.3-2021.10.win32_1.0.0.202111181127/tools/bin/../lib/gcc/arm-none-eabi/10.3.1/../../../../arm-none-eabi/lib/thumb/v7e-m+fp/hard\libc_nano.a(lib_a-memchr.o)
                0x00000000080001f0                memchr
 .text          0x0000000008000290       0x30 c:/st/stm32cubeide_1.10.1/stm32cubeide/plugins/com.st.stm32cube.ide.mcu.externaltools.gnu-tools-for-stm32.10.3-2021.10.win32_1.0.0.202111181127/tools/bin/../lib/gcc/arm-none-eabi/10.3.1/thumb/v7e-m+fp/hard\libgcc.a(_aeabi_uldivmod.o)
                0x0000000008000290                __aeabi_uldivmod
 .text          0x00000000080002c0      0x2d0 c:/st/stm32cubeide_1.10.1/stm32cubeide/plugins/com.st.stm32cube.ide.mcu.externaltools.gnu-tools-for-stm32.10.3-2021.10.win32_1.0.0.202111181127/tools/bin/../lib/gcc/arm-none-eabi/10.3.1/thumb/v7e-m+fp/hard\libgcc.a(_udivmoddi4.o)
                0x00000000080002c0                __udivmoddi4
 .text          0x0000000008000590        0x4 c:/st/stm32cubeide_1.10.1/stm32cubeide/plugins/com.st.stm32cube.ide.mcu.externaltools.gnu-tools-for-stm32.10.3-2021.10.win32_1.0.0.202111181127/tools/bin/../lib/gcc/arm-none-eabi/10.3.1/thumb/v7e-m+fp/hard\libgcc.a(_dvmd_tls.o)
                0x0000000008000590                __aeabi_idiv0
                0x0000000008000590                __aeabi_ldiv0
 *(.text*)
 .text.appInit  0x0000000008000594      0x240 ./App/Src/app.o
                0x0000000008000594                appInit
 .text.vTask    0x00000000080007d4      0x200 ./App/Src/task_AB.o
                0x00000000080007d4                vTask
 .text.vTaskC   0x00000000080009d4       0x64 ./App/Src/task_C.o
                0x00000000080009d4                vTaskC
 .text.vTaskTest
                0x0000000008000a38      0x13c ./App/Src/task_Test.o
                0x0000000008000a38                vTaskTest
 .text.main     0x0000000008000b74       0x50 ./Core/Src/main.o
                0x0000000008000b74                main
 .text.SystemClock_Config
                0x0000000008000bc4       0xd4 ./Core/Src/main.o
                0x0000000008000bc4                SystemClock_Config
 .text.MX_ETH_Init
                0x0000000008000c98       0x9c ./Core/Src/main.o
 .text.MX_USART3_UART_Init
                0x0000000008000d34       0x54 ./Core/Src/main.o
 .text.MX_USB_OTG_FS_PCD_Init
                0x0000000008000d88       0x5c ./Core/Src/main.o
 .text.MX_GPIO_Init
                0x0000000008000de4      0x15c ./Core/Src/main.o
 .text.StartDefaultTask
                0x0000000008000f40       0x12 ./Core/Src/main.o
                0x0000000008000f40                StartDefaultTask
 *fill*         0x0000000008000f52        0x2 
 .text.HAL_TIM_PeriodElapsedCallback
                0x0000000008000f54       0x24 ./Core/Src/main.o
                0x0000000008000f54                HAL_TIM_PeriodElapsedCallback
 .text.Error_Handler
                0x0000000008000f78        0xa ./Core/Src/main.o
                0x0000000008000f78                Error_Handler
 *fill*         0x0000000008000f82        0x2 
 .text.HAL_MspInit
                0x0000000008000f84       0x58 ./Core/Src/stm32f4xx_hal_msp.o
                0x0000000008000f84                HAL_MspInit
 .text.HAL_ETH_MspInit
                0x0000000008000fdc      0x18c ./Core/Src/stm32f4xx_hal_msp.o
                0x0000000008000fdc                HAL_ETH_MspInit
 .text.HAL_UART_MspInit
                0x0000000008001168       0x90 ./Core/Src/stm32f4xx_hal_msp.o
                0x0000000008001168                HAL_UART_MspInit
 .text.HAL_PCD_MspInit
                0x00000000080011f8       0xb4 ./Core/Src/stm32f4xx_hal_msp.o
                0x00000000080011f8                HAL_PCD_MspInit
 .text.HAL_InitTick
                0x00000000080012ac       0xf8 ./Core/Src/stm32f4xx_hal_timebase_tim.o
                0x00000000080012ac                HAL_InitTick
 .text.NMI_Handler
                0x00000000080013a4        0x6 ./Core/Src/stm32f4xx_it.o
                0x00000000080013a4                NMI_Handler
 .text.HardFault_Handler
                0x00000000080013aa        0x6 ./Core/Src/stm32f4xx_it.o
                0x00000000080013aa                HardFault_Handler
 .text.MemManage_Handler
                0x00000000080013b0        0x6 ./Core/Src/stm32f4xx_it.o
                0x00000000080013b0                MemManage_Handler
 .text.BusFault_Handler
                0x00000000080013b6        0x6 ./Core/Src/stm32f4xx_it.o
                0x00000000080013b6                BusFault_Handler
 .text.UsageFault_Handler
                0x00000000080013bc        0x6 ./Core/Src/stm32f4xx_it.o
                0x00000000080013bc                UsageFault_Handler
 .text.DebugMon_Handler
                0x00000000080013c2        0xe ./Core/Src/stm32f4xx_it.o
                0x00000000080013c2                DebugMon_Handler
 .text.TIM7_IRQHandler
                0x00000000080013d0       0x14 ./Core/Src/stm32f4xx_it.o
                0x00000000080013d0                TIM7_IRQHandler
 .text._read    0x00000000080013e4       0x3a ./Core/Src/syscalls.o
                0x00000000080013e4                _read
 .text._write   0x000000000800141e       0x38 ./Core/Src/syscalls.o
                0x000000000800141e                _write
 .text._close   0x0000000008001456       0x18 ./Core/Src/syscalls.o
                0x0000000008001456                _close
 .text._fstat   0x000000000800146e       0x20 ./Core/Src/syscalls.o
                0x000000000800146e                _fstat
 .text._isatty  0x000000000800148e       0x16 ./Core/Src/syscalls.o
                0x000000000800148e                _isatty
 .text._lseek   0x00000000080014a4       0x1a ./Core/Src/syscalls.o
                0x00000000080014a4                _lseek
 *fill*         0x00000000080014be        0x2 
 .text._sbrk    0x00000000080014c0       0x6c ./Core/Src/sysmem.o
                0x00000000080014c0                _sbrk
 .text.SystemInit
                0x000000000800152c       0x24 ./Core/Src/system_stm32f4xx.o
                0x000000000800152c                SystemInit
 .text.Reset_Handler
                0x0000000008001550       0x50 ./Core/Startup/startup_stm32f429zitx.o
                0x0000000008001550                Reset_Handler
 .text.Default_Handler
                0x00000000080015a0        0x2 ./Core/Startup/startup_stm32f429zitx.o
                0x00000000080015a0                RTC_Alarm_IRQHandler
                0x00000000080015a0                HASH_RNG_IRQHandler
                0x00000000080015a0                EXTI2_IRQHandler
                0x00000000080015a0                TIM8_CC_IRQHandler
                0x00000000080015a0                UART8_IRQHandler
                0x00000000080015a0                SPI4_IRQHandler
                0x00000000080015a0                TIM1_CC_IRQHandler
                0x00000000080015a0                DMA2_Stream5_IRQHandler
                0x00000000080015a0                DMA1_Stream5_IRQHandler
                0x00000000080015a0                PVD_IRQHandler
                0x00000000080015a0                SDIO_IRQHandler
                0x00000000080015a0                TAMP_STAMP_IRQHandler
                0x00000000080015a0                CAN2_RX1_IRQHandler
                0x00000000080015a0                EXTI3_IRQHandler
                0x00000000080015a0                TIM8_TRG_COM_TIM14_IRQHandler
                0x00000000080015a0                TIM1_UP_TIM10_IRQHandler
                0x00000000080015a0                TIM8_UP_TIM13_IRQHandler
                0x00000000080015a0                I2C3_ER_IRQHandler
                0x00000000080015a0                EXTI0_IRQHandler
                0x00000000080015a0                I2C2_EV_IRQHandler
                0x00000000080015a0                DMA1_Stream2_IRQHandler
                0x00000000080015a0                CAN1_RX0_IRQHandler
                0x00000000080015a0                FPU_IRQHandler
                0x00000000080015a0                OTG_HS_WKUP_IRQHandler
                0x00000000080015a0                LTDC_ER_IRQHandler
                0x00000000080015a0                CAN2_SCE_IRQHandler
                0x00000000080015a0                DMA2_Stream2_IRQHandler
                0x00000000080015a0                SPI1_IRQHandler
                0x00000000080015a0                TIM6_DAC_IRQHandler
                0x00000000080015a0                TIM1_BRK_TIM9_IRQHandler
                0x00000000080015a0                DCMI_IRQHandler
                0x00000000080015a0                CAN2_RX0_IRQHandler
                0x00000000080015a0                DMA2_Stream3_IRQHandler
                0x00000000080015a0                USART6_IRQHandler
                0x00000000080015a0                USART3_IRQHandler
                0x00000000080015a0                CAN1_RX1_IRQHandler
                0x00000000080015a0                UART5_IRQHandler
                0x00000000080015a0                DMA2_Stream0_IRQHandler
                0x00000000080015a0                TIM4_IRQHandler
                0x00000000080015a0                I2C1_EV_IRQHandler
                0x00000000080015a0                DMA1_Stream6_IRQHandler
                0x00000000080015a0                DMA1_Stream1_IRQHandler
                0x00000000080015a0                UART4_IRQHandler
                0x00000000080015a0                TIM3_IRQHandler
                0x00000000080015a0                RCC_IRQHandler
                0x00000000080015a0                TIM8_BRK_TIM12_IRQHandler
                0x00000000080015a0                Default_Handler
                0x00000000080015a0                EXTI15_10_IRQHandler
                0x00000000080015a0                ADC_IRQHandler
                0x00000000080015a0                DMA1_Stream7_IRQHandler
                0x00000000080015a0                SPI5_IRQHandler
                0x00000000080015a0                CAN2_TX_IRQHandler
                0x00000000080015a0                TIM5_IRQHandler
                0x00000000080015a0                DMA2_Stream7_IRQHandler
                0x00000000080015a0                I2C3_EV_IRQHandler
                0x00000000080015a0                EXTI9_5_IRQHandler
                0x00000000080015a0                RTC_WKUP_IRQHandler
                0x00000000080015a0                LTDC_IRQHandler
                0x00000000080015a0                ETH_WKUP_IRQHandler
                0x00000000080015a0                SPI2_IRQHandler
                0x00000000080015a0                OTG_HS_EP1_IN_IRQHandler
                0x00000000080015a0                DMA1_Stream0_IRQHandler
                0x00000000080015a0                CAN1_TX_IRQHandler
                0x00000000080015a0                EXTI4_IRQHandler
                0x00000000080015a0                ETH_IRQHandler
                0x00000000080015a0                OTG_HS_EP1_OUT_IRQHandler
                0x00000000080015a0                WWDG_IRQHandler
                0x00000000080015a0                SPI6_IRQHandler
                0x00000000080015a0                TIM2_IRQHandler
                0x00000000080015a0                OTG_FS_WKUP_IRQHandler
                0x00000000080015a0                TIM1_TRG_COM_TIM11_IRQHandler
                0x00000000080015a0                OTG_HS_IRQHandler
                0x00000000080015a0                DMA2D_IRQHandler
                0x00000000080015a0                EXTI1_IRQHandler
                0x00000000080015a0                UART7_IRQHandler
                0x00000000080015a0                USART2_IRQHandler
                0x00000000080015a0                I2C2_ER_IRQHandler
                0x00000000080015a0                DMA2_Stream1_IRQHandler
                0x00000000080015a0                CAN1_SCE_IRQHandler
                0x00000000080015a0                FLASH_IRQHandler
                0x00000000080015a0                DMA2_Stream4_IRQHandler
                0x00000000080015a0                USART1_IRQHandler
                0x00000000080015a0                OTG_FS_IRQHandler
                0x00000000080015a0                SPI3_IRQHandler
                0x00000000080015a0                DMA1_Stream4_IRQHandler
                0x00000000080015a0                I2C1_ER_IRQHandler
                0x00000000080015a0                FMC_IRQHandler
                0x00000000080015a0                DMA2_Stream6_IRQHandler
                0x00000000080015a0                SAI1_IRQHandler
                0x00000000080015a0                DMA1_Stream3_IRQHandler
 *fill*         0x00000000080015a2        0x2 
 .text.HAL_Init
                0x00000000080015a4       0x44 ./Drivers/STM32F4xx_HAL_Driver/Src/stm32f4xx_hal.o
                0x00000000080015a4                HAL_Init
 .text.HAL_IncTick
                0x00000000080015e8       0x28 ./Drivers/STM32F4xx_HAL_Driver/Src/stm32f4xx_hal.o
                0x00000000080015e8                HAL_IncTick
 .text.HAL_GetTick
                0x0000000008001610       0x18 ./Drivers/STM32F4xx_HAL_Driver/Src/stm32f4xx_hal.o
                0x0000000008001610                HAL_GetTick
 .text.HAL_Delay
                0x0000000008001628       0x48 ./Drivers/STM32F4xx_HAL_Driver/Src/stm32f4xx_hal.o
                0x0000000008001628                HAL_Delay
 .text.__NVIC_SetPriorityGrouping
                0x0000000008001670       0x48 ./Drivers/STM32F4xx_HAL_Driver/Src/stm32f4xx_hal_cortex.o
 .text.__NVIC_GetPriorityGrouping
                0x00000000080016b8       0x1c ./Drivers/STM32F4xx_HAL_Driver/Src/stm32f4xx_hal_cortex.o
 .text.__NVIC_EnableIRQ
                0x00000000080016d4       0x3c ./Drivers/STM32F4xx_HAL_Driver/Src/stm32f4xx_hal_cortex.o
 .text.__NVIC_SetPriority
                0x0000000008001710       0x54 ./Drivers/STM32F4xx_HAL_Driver/Src/stm32f4xx_hal_cortex.o
 .text.NVIC_EncodePriority
                0x0000000008001764       0x66 ./Drivers/STM32F4xx_HAL_Driver/Src/stm32f4xx_hal_cortex.o
 .text.HAL_NVIC_SetPriorityGrouping
                0x00000000080017ca       0x16 ./Drivers/STM32F4xx_HAL_Driver/Src/stm32f4xx_hal_cortex.o
                0x00000000080017ca                HAL_NVIC_SetPriorityGrouping
 .text.HAL_NVIC_SetPriority
                0x00000000080017e0       0x38 ./Drivers/STM32F4xx_HAL_Driver/Src/stm32f4xx_hal_cortex.o
                0x00000000080017e0                HAL_NVIC_SetPriority
 .text.HAL_NVIC_EnableIRQ
                0x0000000008001818       0x1c ./Drivers/STM32F4xx_HAL_Driver/Src/stm32f4xx_hal_cortex.o
                0x0000000008001818                HAL_NVIC_EnableIRQ
 .text.HAL_ETH_Init
                0x0000000008001834       0xfc ./Drivers/STM32F4xx_HAL_Driver/Src/stm32f4xx_hal_eth.o
                0x0000000008001834                HAL_ETH_Init
 .text.ETH_SetMACConfig
                0x0000000008001930      0x160 ./Drivers/STM32F4xx_HAL_Driver/Src/stm32f4xx_hal_eth.o
 .text.ETH_SetDMAConfig
                0x0000000008001a90      0x114 ./Drivers/STM32F4xx_HAL_Driver/Src/stm32f4xx_hal_eth.o
 .text.ETH_MACDMAConfig
                0x0000000008001ba4       0xe4 ./Drivers/STM32F4xx_HAL_Driver/Src/stm32f4xx_hal_eth.o
 .text.ETH_MACAddressConfig
                0x0000000008001c88       0x70 ./Drivers/STM32F4xx_HAL_Driver/Src/stm32f4xx_hal_eth.o
 .text.ETH_DMATxDescListInit
                0x0000000008001cf8       0xb2 ./Drivers/STM32F4xx_HAL_Driver/Src/stm32f4xx_hal_eth.o
 .text.ETH_DMARxDescListInit
                0x0000000008001daa       0xda ./Drivers/STM32F4xx_HAL_Driver/Src/stm32f4xx_hal_eth.o
 .text.HAL_GPIO_Init
                0x0000000008001e84      0x358 ./Drivers/STM32F4xx_HAL_Driver/Src/stm32f4xx_hal_gpio.o
                0x0000000008001e84                HAL_GPIO_Init
 .text.HAL_GPIO_WritePin
                0x00000000080021dc       0x32 ./Drivers/STM32F4xx_HAL_Driver/Src/stm32f4xx_hal_gpio.o
                0x00000000080021dc                HAL_GPIO_WritePin
 .text.HAL_GPIO_TogglePin
                0x000000000800220e       0x34 ./Drivers/STM32F4xx_HAL_Driver/Src/stm32f4xx_hal_gpio.o
                0x000000000800220e                HAL_GPIO_TogglePin
 .text.HAL_PCD_Init
                0x0000000008002242      0x23a ./Drivers/STM32F4xx_HAL_Driver/Src/stm32f4xx_hal_pcd.o
                0x0000000008002242                HAL_PCD_Init
 .text.HAL_RCC_OscConfig
                0x000000000800247c      0x4f0 ./Drivers/STM32F4xx_HAL_Driver/Src/stm32f4xx_hal_rcc.o
                0x000000000800247c                HAL_RCC_OscConfig
 .text.HAL_RCC_ClockConfig
                0x000000000800296c      0x1cc ./Drivers/STM32F4xx_HAL_Driver/Src/stm32f4xx_hal_rcc.o
                0x000000000800296c                HAL_RCC_ClockConfig
 .text.HAL_RCC_GetSysClockFreq
                0x0000000008002b38      0x20c ./Drivers/STM32F4xx_HAL_Driver/Src/stm32f4xx_hal_rcc.o
                0x0000000008002b38                HAL_RCC_GetSysClockFreq
 .text.HAL_RCC_GetHCLKFreq
                0x0000000008002d44       0x18 ./Drivers/STM32F4xx_HAL_Driver/Src/stm32f4xx_hal_rcc.o
                0x0000000008002d44                HAL_RCC_GetHCLKFreq
 .text.HAL_RCC_GetPCLK1Freq
                0x0000000008002d5c       0x28 ./Drivers/STM32F4xx_HAL_Driver/Src/stm32f4xx_hal_rcc.o
                0x0000000008002d5c                HAL_RCC_GetPCLK1Freq
 .text.HAL_RCC_GetPCLK2Freq
                0x0000000008002d84       0x28 ./Drivers/STM32F4xx_HAL_Driver/Src/stm32f4xx_hal_rcc.o
                0x0000000008002d84                HAL_RCC_GetPCLK2Freq
 .text.HAL_RCC_GetClockConfig
                0x0000000008002dac       0x64 ./Drivers/STM32F4xx_HAL_Driver/Src/stm32f4xx_hal_rcc.o
                0x0000000008002dac                HAL_RCC_GetClockConfig
 .text.HAL_TIM_Base_Init
                0x0000000008002e10       0x9e ./Drivers/STM32F4xx_HAL_Driver/Src/stm32f4xx_hal_tim.o
                0x0000000008002e10                HAL_TIM_Base_Init
 .text.HAL_TIM_Base_MspInit
                0x0000000008002eae       0x14 ./Drivers/STM32F4xx_HAL_Driver/Src/stm32f4xx_hal_tim.o
                0x0000000008002eae                HAL_TIM_Base_MspInit
 *fill*         0x0000000008002ec2        0x2 
 .text.HAL_TIM_Base_Start_IT
                0x0000000008002ec4       0xe0 ./Drivers/STM32F4xx_HAL_Driver/Src/stm32f4xx_hal_tim.o
                0x0000000008002ec4                HAL_TIM_Base_Start_IT
 .text.HAL_TIM_IRQHandler
                0x0000000008002fa4      0x210 ./Drivers/STM32F4xx_HAL_Driver/Src/stm32f4xx_hal_tim.o
                0x0000000008002fa4                HAL_TIM_IRQHandler
 .text.HAL_TIM_OC_DelayElapsedCallback
                0x00000000080031b4       0x14 ./Drivers/STM32F4xx_HAL_Driver/Src/stm32f4xx_hal_tim.o
                0x00000000080031b4                HAL_TIM_OC_DelayElapsedCallback
 .text.HAL_TIM_IC_CaptureCallback
                0x00000000080031c8       0x14 ./Drivers/STM32F4xx_HAL_Driver/Src/stm32f4xx_hal_tim.o
                0x00000000080031c8                HAL_TIM_IC_CaptureCallback
 .text.HAL_TIM_PWM_PulseFinishedCallback
                0x00000000080031dc       0x14 ./Drivers/STM32F4xx_HAL_Driver/Src/stm32f4xx_hal_tim.o
                0x00000000080031dc                HAL_TIM_PWM_PulseFinishedCallback
 .text.HAL_TIM_TriggerCallback
                0x00000000080031f0       0x14 ./Drivers/STM32F4xx_HAL_Driver/Src/stm32f4xx_hal_tim.o
                0x00000000080031f0                HAL_TIM_TriggerCallback
 .text.TIM_Base_SetConfig
                0x0000000008003204      0x140 ./Drivers/STM32F4xx_HAL_Driver/Src/stm32f4xx_hal_tim.o
                0x0000000008003204                TIM_Base_SetConfig
 .text.HAL_TIMEx_CommutCallback
                0x0000000008003344       0x14 ./Drivers/STM32F4xx_HAL_Driver/Src/stm32f4xx_hal_tim_ex.o
                0x0000000008003344                HAL_TIMEx_CommutCallback
 .text.HAL_TIMEx_BreakCallback
                0x0000000008003358       0x14 ./Drivers/STM32F4xx_HAL_Driver/Src/stm32f4xx_hal_tim_ex.o
                0x0000000008003358                HAL_TIMEx_BreakCallback
 .text.HAL_UART_Init
                0x000000000800336c       0x9a ./Drivers/STM32F4xx_HAL_Driver/Src/stm32f4xx_hal_uart.o
                0x000000000800336c                HAL_UART_Init
 .text.HAL_UART_Transmit
                0x0000000008003406      0x124 ./Drivers/STM32F4xx_HAL_Driver/Src/stm32f4xx_hal_uart.o
                0x0000000008003406                HAL_UART_Transmit
 .text.UART_WaitOnFlagUntilTimeout
                0x000000000800352a       0xdc ./Drivers/STM32F4xx_HAL_Driver/Src/stm32f4xx_hal_uart.o
 *fill*         0x0000000008003606        0x2 
 .text.UART_SetConfig
                0x0000000008003608      0x4e8 ./Drivers/STM32F4xx_HAL_Driver/Src/stm32f4xx_hal_uart.o
 .text.USB_CoreInit
                0x0000000008003af0       0xc2 ./Drivers/STM32F4xx_HAL_Driver/Src/stm32f4xx_ll_usb.o
                0x0000000008003af0                USB_CoreInit
 .text.USB_DisableGlobalInt
                0x0000000008003bb2       0x22 ./Drivers/STM32F4xx_HAL_Driver/Src/stm32f4xx_ll_usb.o
                0x0000000008003bb2                USB_DisableGlobalInt
 .text.USB_SetCurrentMode
                0x0000000008003bd4       0x98 ./Drivers/STM32F4xx_HAL_Driver/Src/stm32f4xx_ll_usb.o
                0x0000000008003bd4                USB_SetCurrentMode
 .text.USB_DevInit
                0x0000000008003c6c      0x2c8 ./Drivers/STM32F4xx_HAL_Driver/Src/stm32f4xx_ll_usb.o
                0x0000000008003c6c                USB_DevInit
 .text.USB_FlushTxFifo
                0x0000000008003f34       0x68 ./Drivers/STM32F4xx_HAL_Driver/Src/stm32f4xx_ll_usb.o
                0x0000000008003f34                USB_FlushTxFifo
 .text.USB_FlushRxFifo
                0x0000000008003f9c       0x60 ./Drivers/STM32F4xx_HAL_Driver/Src/stm32f4xx_ll_usb.o
                0x0000000008003f9c                USB_FlushRxFifo
 .text.USB_SetDevSpeed
                0x0000000008003ffc       0x32 ./Drivers/STM32F4xx_HAL_Driver/Src/stm32f4xx_ll_usb.o
                0x0000000008003ffc                USB_SetDevSpeed
 .text.USB_DevDisconnect
                0x000000000800402e       0x42 ./Drivers/STM32F4xx_HAL_Driver/Src/stm32f4xx_ll_usb.o
                0x000000000800402e                USB_DevDisconnect
 .text.USB_GetMode
                0x0000000008004070       0x1c ./Drivers/STM32F4xx_HAL_Driver/Src/stm32f4xx_ll_usb.o
                0x0000000008004070                USB_GetMode
 .text.USB_CoreReset
                0x000000000800408c       0x68 ./Drivers/STM32F4xx_HAL_Driver/Src/stm32f4xx_ll_usb.o
 .text.makeFreeRtosPriority
                0x00000000080040f4       0x30 ./Middlewares/Third_Party/FreeRTOS/Source/CMSIS_RTOS/cmsis_os.o
 .text.osKernelStart
                0x0000000008004124        0xe ./Middlewares/Third_Party/FreeRTOS/Source/CMSIS_RTOS/cmsis_os.o
                0x0000000008004124                osKernelStart
 .text.osThreadCreate
                0x0000000008004132       0x4e ./Middlewares/Third_Party/FreeRTOS/Source/CMSIS_RTOS/cmsis_os.o
                0x0000000008004132                osThreadCreate
 .text.osDelay  0x0000000008004180       0x28 ./Middlewares/Third_Party/FreeRTOS/Source/CMSIS_RTOS/cmsis_os.o
                0x0000000008004180                osDelay
 .text.vListInitialise
                0x00000000080041a8       0x40 ./Middlewares/Third_Party/FreeRTOS/Source/list.o
                0x00000000080041a8                vListInitialise
 .text.vListInitialiseItem
                0x00000000080041e8       0x1a ./Middlewares/Third_Party/FreeRTOS/Source/list.o
                0x00000000080041e8                vListInitialiseItem
 .text.vListInsertEnd
                0x0000000008004202       0x48 ./Middlewares/Third_Party/FreeRTOS/Source/list.o
                0x0000000008004202                vListInsertEnd
 .text.vListInsert
                0x000000000800424a       0x72 ./Middlewares/Third_Party/FreeRTOS/Source/list.o
                0x000000000800424a                vListInsert
 .text.uxListRemove
                0x00000000080042bc       0x54 ./Middlewares/Third_Party/FreeRTOS/Source/list.o
                0x00000000080042bc                uxListRemove
 .text.xQueueGenericReset
                0x0000000008004310       0xd0 ./Middlewares/Third_Party/FreeRTOS/Source/queue.o
                0x0000000008004310                xQueueGenericReset
 .text.xQueueGenericCreate
                0x00000000080043e0       0x6c ./Middlewares/Third_Party/FreeRTOS/Source/queue.o
                0x00000000080043e0                xQueueGenericCreate
 .text.prvInitialiseNewQueue
                0x000000000800444c       0x3e ./Middlewares/Third_Party/FreeRTOS/Source/queue.o
 .text.prvInitialiseMutex
                0x000000000800448a       0x34 ./Middlewares/Third_Party/FreeRTOS/Source/queue.o
 .text.xQueueCreateMutex
                0x00000000080044be       0x30 ./Middlewares/Third_Party/FreeRTOS/Source/queue.o
                0x00000000080044be                xQueueCreateMutex
 .text.xQueueCreateCountingSemaphore
                0x00000000080044ee       0x66 ./Middlewares/Third_Party/FreeRTOS/Source/queue.o
                0x00000000080044ee                xQueueCreateCountingSemaphore
 .text.xQueueGenericSend
                0x0000000008004554      0x1fc ./Middlewares/Third_Party/FreeRTOS/Source/queue.o
                0x0000000008004554                xQueueGenericSend
 .text.xQueueReceive
                0x0000000008004750      0x1c0 ./Middlewares/Third_Party/FreeRTOS/Source/queue.o
                0x0000000008004750                xQueueReceive
 .text.xQueueSemaphoreTake
                0x0000000008004910      0x218 ./Middlewares/Third_Party/FreeRTOS/Source/queue.o
                0x0000000008004910                xQueueSemaphoreTake
 .text.uxQueueMessagesWaiting
                0x0000000008004b28       0x3c ./Middlewares/Third_Party/FreeRTOS/Source/queue.o
                0x0000000008004b28                uxQueueMessagesWaiting
 .text.prvGetDisinheritPriorityAfterTimeout
                0x0000000008004b64       0x30 ./Middlewares/Third_Party/FreeRTOS/Source/queue.o
 .text.prvCopyDataToQueue
                0x0000000008004b94       0xd4 ./Middlewares/Third_Party/FreeRTOS/Source/queue.o
 .text.prvCopyDataFromQueue
                0x0000000008004c68       0x4c ./Middlewares/Third_Party/FreeRTOS/Source/queue.o
 .text.prvUnlockQueue
                0x0000000008004cb4       0xa4 ./Middlewares/Third_Party/FreeRTOS/Source/queue.o
 .text.prvIsQueueEmpty
                0x0000000008004d58       0x2c ./Middlewares/Third_Party/FreeRTOS/Source/queue.o
 .text.prvIsQueueFull
                0x0000000008004d84       0x30 ./Middlewares/Third_Party/FreeRTOS/Source/queue.o
 .text.xTaskCreate
                0x0000000008004db4       0x82 ./Middlewares/Third_Party/FreeRTOS/Source/tasks.o
                0x0000000008004db4                xTaskCreate
 *fill*         0x0000000008004e36        0x2 
 .text.prvInitialiseNewTask
                0x0000000008004e38      0x13c ./Middlewares/Third_Party/FreeRTOS/Source/tasks.o
 .text.prvAddNewTaskToReadyList
                0x0000000008004f74       0xd4 ./Middlewares/Third_Party/FreeRTOS/Source/tasks.o
 .text.vTaskDelayUntil
                0x0000000008005048       0xfc ./Middlewares/Third_Party/FreeRTOS/Source/tasks.o
                0x0000000008005048                vTaskDelayUntil
 .text.vTaskDelay
                0x0000000008005144       0x68 ./Middlewares/Third_Party/FreeRTOS/Source/tasks.o
                0x0000000008005144                vTaskDelay
 .text.uxTaskPriorityGet
                0x00000000080051ac       0x34 ./Middlewares/Third_Party/FreeRTOS/Source/tasks.o
                0x00000000080051ac                uxTaskPriorityGet
 .text.vTaskPrioritySet
                0x00000000080051e0      0x154 ./Middlewares/Third_Party/FreeRTOS/Source/tasks.o
                0x00000000080051e0                vTaskPrioritySet
 .text.vTaskStartScheduler
                0x0000000008005334       0xa0 ./Middlewares/Third_Party/FreeRTOS/Source/tasks.o
                0x0000000008005334                vTaskStartScheduler
 .text.vTaskSuspendAll
                0x00000000080053d4       0x1c ./Middlewares/Third_Party/FreeRTOS/Source/tasks.o
                0x00000000080053d4                vTaskSuspendAll
 .text.xTaskResumeAll
                0x00000000080053f0      0x138 ./Middlewares/Third_Party/FreeRTOS/Source/tasks.o
                0x00000000080053f0                xTaskResumeAll
 .text.xTaskGetTickCount
                0x0000000008005528       0x20 ./Middlewares/Third_Party/FreeRTOS/Source/tasks.o
                0x0000000008005528                xTaskGetTickCount
 .text.pcTaskGetName
                0x0000000008005548       0x48 ./Middlewares/Third_Party/FreeRTOS/Source/tasks.o
                0x0000000008005548                pcTaskGetName
 .text.xTaskIncrementTick
                0x0000000008005590      0x170 ./Middlewares/Third_Party/FreeRTOS/Source/tasks.o
                0x0000000008005590                xTaskIncrementTick
 .text.vTaskSwitchContext
                0x0000000008005700       0xc4 ./Middlewares/Third_Party/FreeRTOS/Source/tasks.o
                0x0000000008005700                vTaskSwitchContext
 .text.vTaskPlaceOnEventList
                0x00000000080057c4       0x48 ./Middlewares/Third_Party/FreeRTOS/Source/tasks.o
                0x00000000080057c4                vTaskPlaceOnEventList
 .text.xTaskRemoveFromEventList
                0x000000000800580c       0xc4 ./Middlewares/Third_Party/FreeRTOS/Source/tasks.o
                0x000000000800580c                xTaskRemoveFromEventList
 .text.vTaskInternalSetTimeOutState
                0x00000000080058d0       0x2c ./Middlewares/Third_Party/FreeRTOS/Source/tasks.o
                0x00000000080058d0                vTaskInternalSetTimeOutState
 .text.xTaskCheckForTimeOut
                0x00000000080058fc       0xc4 ./Middlewares/Third_Party/FreeRTOS/Source/tasks.o
                0x00000000080058fc                xTaskCheckForTimeOut
 .text.vTaskMissedYield
                0x00000000080059c0       0x18 ./Middlewares/Third_Party/FreeRTOS/Source/tasks.o
                0x00000000080059c0                vTaskMissedYield
 .text.prvIdleTask
                0x00000000080059d8       0x30 ./Middlewares/Third_Party/FreeRTOS/Source/tasks.o
 .text.prvInitialiseTaskLists
                0x0000000008005a08       0x80 ./Middlewares/Third_Party/FreeRTOS/Source/tasks.o
 .text.prvCheckTasksWaitingTermination
                0x0000000008005a88       0x5c ./Middlewares/Third_Party/FreeRTOS/Source/tasks.o
 .text.prvDeleteTCB
                0x0000000008005ae4       0x2a ./Middlewares/Third_Party/FreeRTOS/Source/tasks.o
 *fill*         0x0000000008005b0e        0x2 
 .text.prvResetNextTaskUnblockTime
                0x0000000008005b10       0x40 ./Middlewares/Third_Party/FreeRTOS/Source/tasks.o
 .text.xTaskGetSchedulerState
                0x0000000008005b50       0x3c ./Middlewares/Third_Party/FreeRTOS/Source/tasks.o
                0x0000000008005b50                xTaskGetSchedulerState
 .text.xTaskPriorityInherit
                0x0000000008005b8c       0xec ./Middlewares/Third_Party/FreeRTOS/Source/tasks.o
                0x0000000008005b8c                xTaskPriorityInherit
 .text.xTaskPriorityDisinherit
                0x0000000008005c78      0x10c ./Middlewares/Third_Party/FreeRTOS/Source/tasks.o
                0x0000000008005c78                xTaskPriorityDisinherit
 .text.vTaskPriorityDisinheritAfterTimeout
                0x0000000008005d84      0x11c ./Middlewares/Third_Party/FreeRTOS/Source/tasks.o
                0x0000000008005d84                vTaskPriorityDisinheritAfterTimeout
 .text.pvTaskIncrementMutexHeldCount
                0x0000000008005ea0       0x28 ./Middlewares/Third_Party/FreeRTOS/Source/tasks.o
                0x0000000008005ea0                pvTaskIncrementMutexHeldCount
 .text.prvAddCurrentTaskToDelayedList
                0x0000000008005ec8       0xcc ./Middlewares/Third_Party/FreeRTOS/Source/tasks.o
 .text.pxPortInitialiseStack
                0x0000000008005f94       0x68 ./Middlewares/Third_Party/FreeRTOS/Source/portable/GCC/ARM_CM4F/port.o
                0x0000000008005f94                pxPortInitialiseStack
 .text.prvTaskExitError
                0x0000000008005ffc       0x58 ./Middlewares/Third_Party/FreeRTOS/Source/portable/GCC/ARM_CM4F/port.o
 *fill*         0x0000000008006054        0xc 
 .text.SVC_Handler
                0x0000000008006060       0x28 ./Middlewares/Third_Party/FreeRTOS/Source/portable/GCC/ARM_CM4F/port.o
                0x0000000008006060                SVC_Handler
 .text.prvPortStartFirstTask
                0x0000000008006088       0x28 ./Middlewares/Third_Party/FreeRTOS/Source/portable/GCC/ARM_CM4F/port.o
 .text.xPortStartScheduler
                0x00000000080060b0      0x144 ./Middlewares/Third_Party/FreeRTOS/Source/portable/GCC/ARM_CM4F/port.o
                0x00000000080060b0                xPortStartScheduler
 .text.vPortEnterCritical
                0x00000000080061f4       0x60 ./Middlewares/Third_Party/FreeRTOS/Source/portable/GCC/ARM_CM4F/port.o
                0x00000000080061f4                vPortEnterCritical
 .text.vPortExitCritical
                0x0000000008006254       0x54 ./Middlewares/Third_Party/FreeRTOS/Source/portable/GCC/ARM_CM4F/port.o
                0x0000000008006254                vPortExitCritical
 *fill*         0x00000000080062a8        0x8 
 .text.PendSV_Handler
                0x00000000080062b0       0x68 ./Middlewares/Third_Party/FreeRTOS/Source/portable/GCC/ARM_CM4F/port.o
                0x00000000080062b0                PendSV_Handler
 .text.SysTick_Handler
                0x0000000008006318       0x44 ./Middlewares/Third_Party/FreeRTOS/Source/portable/GCC/ARM_CM4F/port.o
                0x0000000008006318                SysTick_Handler
 .text.vPortSetupTimerInterrupt
                0x000000000800635c       0x48 ./Middlewares/Third_Party/FreeRTOS/Source/portable/GCC/ARM_CM4F/port.o
                0x000000000800635c                vPortSetupTimerInterrupt
 .text.vPortEnableVFP
                0x00000000080063a4       0x14 ./Middlewares/Third_Party/FreeRTOS/Source/portable/GCC/ARM_CM4F/port.o
 .text.pvPortMalloc
                0x00000000080063b8      0x198 ./Middlewares/Third_Party/FreeRTOS/Source/portable/MemMang/heap_4.o
                0x00000000080063b8                pvPortMalloc
 .text.vPortFree
                0x0000000008006550       0xc4 ./Middlewares/Third_Party/FreeRTOS/Source/portable/MemMang/heap_4.o
                0x0000000008006550                vPortFree
 .text.prvHeapInit
                0x0000000008006614       0xc4 ./Middlewares/Third_Party/FreeRTOS/Source/portable/MemMang/heap_4.o
 .text.prvInsertBlockIntoFreeList
                0x00000000080066d8       0xb4 ./Middlewares/Third_Party/FreeRTOS/Source/portable/MemMang/heap_4.o
 .text.__io_putchar
                0x000000000800678c       0x24 ./Supporting_Functions/Src/supporting_Functions.o
                0x000000000800678c                __io_putchar
 .text.vPrintString
                0x00000000080067b0       0x34 ./Supporting_Functions/Src/supporting_Functions.o
                0x00000000080067b0                vPrintString
 .text.vPrintStringAndNumber
                0x00000000080067e4       0x38 ./Supporting_Functions/Src/supporting_Functions.o
                0x00000000080067e4                vPrintStringAndNumber
 .text.vPrintTwoStrings
                0x000000000800681c       0x30 ./Supporting_Functions/Src/supporting_Functions.o
                0x000000000800681c                vPrintTwoStrings
 .text.__errno  0x000000000800684c        0xc c:/st/stm32cubeide_1.10.1/stm32cubeide/plugins/com.st.stm32cube.ide.mcu.externaltools.gnu-tools-for-stm32.10.3-2021.10.win32_1.0.0.202111181127/tools/bin/../lib/gcc/arm-none-eabi/10.3.1/../../../../arm-none-eabi/lib/thumb/v7e-m+fp/hard\libc_nano.a(lib_a-errno.o)
                0x000000000800684c                __errno
 .text.__sflush_r
                0x0000000008006858      0x10c c:/st/stm32cubeide_1.10.1/stm32cubeide/plugins/com.st.stm32cube.ide.mcu.externaltools.gnu-tools-for-stm32.10.3-2021.10.win32_1.0.0.202111181127/tools/bin/../lib/gcc/arm-none-eabi/10.3.1/../../../../arm-none-eabi/lib/thumb/v7e-m+fp/hard\libc_nano.a(lib_a-fflush.o)
                0x0000000008006858                __sflush_r
 .text._fflush_r
                0x0000000008006964       0x78 c:/st/stm32cubeide_1.10.1/stm32cubeide/plugins/com.st.stm32cube.ide.mcu.externaltools.gnu-tools-for-stm32.10.3-2021.10.win32_1.0.0.202111181127/tools/bin/../lib/gcc/arm-none-eabi/10.3.1/../../../../arm-none-eabi/lib/thumb/v7e-m+fp/hard\libc_nano.a(lib_a-fflush.o)
                0x0000000008006964                _fflush_r
 .text.fflush   0x00000000080069dc       0x24 c:/st/stm32cubeide_1.10.1/stm32cubeide/plugins/com.st.stm32cube.ide.mcu.externaltools.gnu-tools-for-stm32.10.3-2021.10.win32_1.0.0.202111181127/tools/bin/../lib/gcc/arm-none-eabi/10.3.1/../../../../arm-none-eabi/lib/thumb/v7e-m+fp/hard\libc_nano.a(lib_a-fflush.o)
                0x00000000080069dc                fflush
 .text.std      0x0000000008006a00       0x48 c:/st/stm32cubeide_1.10.1/stm32cubeide/plugins/com.st.stm32cube.ide.mcu.externaltools.gnu-tools-for-stm32.10.3-2021.10.win32_1.0.0.202111181127/tools/bin/../lib/gcc/arm-none-eabi/10.3.1/../../../../arm-none-eabi/lib/thumb/v7e-m+fp/hard\libc_nano.a(lib_a-findfp.o)
 .text._cleanup_r
                0x0000000008006a48        0xc c:/st/stm32cubeide_1.10.1/stm32cubeide/plugins/com.st.stm32cube.ide.mcu.externaltools.gnu-tools-for-stm32.10.3-2021.10.win32_1.0.0.202111181127/tools/bin/../lib/gcc/arm-none-eabi/10.3.1/../../../../arm-none-eabi/lib/thumb/v7e-m+fp/hard\libc_nano.a(lib_a-findfp.o)
                0x0000000008006a48                _cleanup_r
 .text.__sfmoreglue
                0x0000000008006a54       0x2c c:/st/stm32cubeide_1.10.1/stm32cubeide/plugins/com.st.stm32cube.ide.mcu.externaltools.gnu-tools-for-stm32.10.3-2021.10.win32_1.0.0.202111181127/tools/bin/../lib/gcc/arm-none-eabi/10.3.1/../../../../arm-none-eabi/lib/thumb/v7e-m+fp/hard\libc_nano.a(lib_a-findfp.o)
                0x0000000008006a54                __sfmoreglue
 .text.__sfp_lock_acquire
                0x0000000008006a80        0xc c:/st/stm32cubeide_1.10.1/stm32cubeide/plugins/com.st.stm32cube.ide.mcu.externaltools.gnu-tools-for-stm32.10.3-2021.10.win32_1.0.0.202111181127/tools/bin/../lib/gcc/arm-none-eabi/10.3.1/../../../../arm-none-eabi/lib/thumb/v7e-m+fp/hard\libc_nano.a(lib_a-findfp.o)
                0x0000000008006a80                __sfp_lock_acquire
 .text.__sfp_lock_release
                0x0000000008006a8c        0xc c:/st/stm32cubeide_1.10.1/stm32cubeide/plugins/com.st.stm32cube.ide.mcu.externaltools.gnu-tools-for-stm32.10.3-2021.10.win32_1.0.0.202111181127/tools/bin/../lib/gcc/arm-none-eabi/10.3.1/../../../../arm-none-eabi/lib/thumb/v7e-m+fp/hard\libc_nano.a(lib_a-findfp.o)
                0x0000000008006a8c                __sfp_lock_release
 .text.__sinit_lock_acquire
                0x0000000008006a98        0xc c:/st/stm32cubeide_1.10.1/stm32cubeide/plugins/com.st.stm32cube.ide.mcu.externaltools.gnu-tools-for-stm32.10.3-2021.10.win32_1.0.0.202111181127/tools/bin/../lib/gcc/arm-none-eabi/10.3.1/../../../../arm-none-eabi/lib/thumb/v7e-m+fp/hard\libc_nano.a(lib_a-findfp.o)
                0x0000000008006a98                __sinit_lock_acquire
 .text.__sinit_lock_release
                0x0000000008006aa4        0xc c:/st/stm32cubeide_1.10.1/stm32cubeide/plugins/com.st.stm32cube.ide.mcu.externaltools.gnu-tools-for-stm32.10.3-2021.10.win32_1.0.0.202111181127/tools/bin/../lib/gcc/arm-none-eabi/10.3.1/../../../../arm-none-eabi/lib/thumb/v7e-m+fp/hard\libc_nano.a(lib_a-findfp.o)
                0x0000000008006aa4                __sinit_lock_release
 .text.__sinit  0x0000000008006ab0       0x70 c:/st/stm32cubeide_1.10.1/stm32cubeide/plugins/com.st.stm32cube.ide.mcu.externaltools.gnu-tools-for-stm32.10.3-2021.10.win32_1.0.0.202111181127/tools/bin/../lib/gcc/arm-none-eabi/10.3.1/../../../../arm-none-eabi/lib/thumb/v7e-m+fp/hard\libc_nano.a(lib_a-findfp.o)
                0x0000000008006ab0                __sinit
 .text.__sfp    0x0000000008006b20       0x8c c:/st/stm32cubeide_1.10.1/stm32cubeide/plugins/com.st.stm32cube.ide.mcu.externaltools.gnu-tools-for-stm32.10.3-2021.10.win32_1.0.0.202111181127/tools/bin/../lib/gcc/arm-none-eabi/10.3.1/../../../../arm-none-eabi/lib/thumb/v7e-m+fp/hard\libc_nano.a(lib_a-findfp.o)
                0x0000000008006b20                __sfp
 .text._fwalk_reent
                0x0000000008006bac       0x3e c:/st/stm32cubeide_1.10.1/stm32cubeide/plugins/com.st.stm32cube.ide.mcu.externaltools.gnu-tools-for-stm32.10.3-2021.10.win32_1.0.0.202111181127/tools/bin/../lib/gcc/arm-none-eabi/10.3.1/../../../../arm-none-eabi/lib/thumb/v7e-m+fp/hard\libc_nano.a(lib_a-fwalk.o)
                0x0000000008006bac                _fwalk_reent
 *fill*         0x0000000008006bea        0x2 
 .text.__libc_init_array
                0x0000000008006bec       0x48 c:/st/stm32cubeide_1.10.1/stm32cubeide/plugins/com.st.stm32cube.ide.mcu.externaltools.gnu-tools-for-stm32.10.3-2021.10.win32_1.0.0.202111181127/tools/bin/../lib/gcc/arm-none-eabi/10.3.1/../../../../arm-none-eabi/lib/thumb/v7e-m+fp/hard\libc_nano.a(lib_a-init.o)
                0x0000000008006bec                __libc_init_array
 .text.__retarget_lock_init_recursive
                0x0000000008006c34        0x2 c:/st/stm32cubeide_1.10.1/stm32cubeide/plugins/com.st.stm32cube.ide.mcu.externaltools.gnu-tools-for-stm32.10.3-2021.10.win32_1.0.0.202111181127/tools/bin/../lib/gcc/arm-none-eabi/10.3.1/../../../../arm-none-eabi/lib/thumb/v7e-m+fp/hard\libc_nano.a(lib_a-lock.o)
                0x0000000008006c34                __retarget_lock_init_recursive
 .text.__retarget_lock_acquire_recursive
                0x0000000008006c36        0x2 c:/st/stm32cubeide_1.10.1/stm32cubeide/plugins/com.st.stm32cube.ide.mcu.externaltools.gnu-tools-for-stm32.10.3-2021.10.win32_1.0.0.202111181127/tools/bin/../lib/gcc/arm-none-eabi/10.3.1/../../../../arm-none-eabi/lib/thumb/v7e-m+fp/hard\libc_nano.a(lib_a-lock.o)
                0x0000000008006c36                __retarget_lock_acquire_recursive
 .text.__retarget_lock_release_recursive
                0x0000000008006c38        0x2 c:/st/stm32cubeide_1.10.1/stm32cubeide/plugins/com.st.stm32cube.ide.mcu.externaltools.gnu-tools-for-stm32.10.3-2021.10.win32_1.0.0.202111181127/tools/bin/../lib/gcc/arm-none-eabi/10.3.1/../../../../arm-none-eabi/lib/thumb/v7e-m+fp/hard\libc_nano.a(lib_a-lock.o)
                0x0000000008006c38                __retarget_lock_release_recursive
 .text.memcpy   0x0000000008006c3a       0x1c c:/st/stm32cubeide_1.10.1/stm32cubeide/plugins/com.st.stm32cube.ide.mcu.externaltools.gnu-tools-for-stm32.10.3-2021.10.win32_1.0.0.202111181127/tools/bin/../lib/gcc/arm-none-eabi/10.3.1/../../../../arm-none-eabi/lib/thumb/v7e-m+fp/hard\libc_nano.a(lib_a-memcpy-stub.o)
                0x0000000008006c3a                memcpy
 .text.memset   0x0000000008006c56       0x10 c:/st/stm32cubeide_1.10.1/stm32cubeide/plugins/com.st.stm32cube.ide.mcu.externaltools.gnu-tools-for-stm32.10.3-2021.10.win32_1.0.0.202111181127/tools/bin/../lib/gcc/arm-none-eabi/10.3.1/../../../../arm-none-eabi/lib/thumb/v7e-m+fp/hard\libc_nano.a(lib_a-memset.o)
                0x0000000008006c56                memset
 *fill*         0x0000000008006c66        0x2 
 .text._free_r  0x0000000008006c68       0x98 c:/st/stm32cubeide_1.10.1/stm32cubeide/plugins/com.st.stm32cube.ide.mcu.externaltools.gnu-tools-for-stm32.10.3-2021.10.win32_1.0.0.202111181127/tools/bin/../lib/gcc/arm-none-eabi/10.3.1/../../../../arm-none-eabi/lib/thumb/v7e-m+fp/hard\libc_nano.a(lib_a-nano-freer.o)
                0x0000000008006c68                _free_r
 .text.sbrk_aligned
                0x0000000008006d00       0x40 c:/st/stm32cubeide_1.10.1/stm32cubeide/plugins/com.st.stm32cube.ide.mcu.externaltools.gnu-tools-for-stm32.10.3-2021.10.win32_1.0.0.202111181127/tools/bin/../lib/gcc/arm-none-eabi/10.3.1/../../../../arm-none-eabi/lib/thumb/v7e-m+fp/hard\libc_nano.a(lib_a-nano-mallocr.o)
 .text._malloc_r
                0x0000000008006d40       0xe8 c:/st/stm32cubeide_1.10.1/stm32cubeide/plugins/com.st.stm32cube.ide.mcu.externaltools.gnu-tools-for-stm32.10.3-2021.10.win32_1.0.0.202111181127/tools/bin/../lib/gcc/arm-none-eabi/10.3.1/../../../../arm-none-eabi/lib/thumb/v7e-m+fp/hard\libc_nano.a(lib_a-nano-mallocr.o)
                0x0000000008006d40                _malloc_r
 .text.printf   0x0000000008006e28       0x30 c:/st/stm32cubeide_1.10.1/stm32cubeide/plugins/com.st.stm32cube.ide.mcu.externaltools.gnu-tools-for-stm32.10.3-2021.10.win32_1.0.0.202111181127/tools/bin/../lib/gcc/arm-none-eabi/10.3.1/../../../../arm-none-eabi/lib/thumb/v7e-m+fp/hard\libc_nano.a(lib_a-printf.o)
                0x0000000008006e28                iprintf
                0x0000000008006e28                printf
 .text.cleanup_glue
                0x0000000008006e58       0x1a c:/st/stm32cubeide_1.10.1/stm32cubeide/plugins/com.st.stm32cube.ide.mcu.externaltools.gnu-tools-for-stm32.10.3-2021.10.win32_1.0.0.202111181127/tools/bin/../lib/gcc/arm-none-eabi/10.3.1/../../../../arm-none-eabi/lib/thumb/v7e-m+fp/hard\libc_nano.a(lib_a-reent.o)
                0x0000000008006e58                cleanup_glue
 *fill*         0x0000000008006e72        0x2 
 .text._reclaim_reent
                0x0000000008006e74       0xb8 c:/st/stm32cubeide_1.10.1/stm32cubeide/plugins/com.st.stm32cube.ide.mcu.externaltools.gnu-tools-for-stm32.10.3-2021.10.win32_1.0.0.202111181127/tools/bin/../lib/gcc/arm-none-eabi/10.3.1/../../../../arm-none-eabi/lib/thumb/v7e-m+fp/hard\libc_nano.a(lib_a-reent.o)
                0x0000000008006e74                _reclaim_reent
 .text._sbrk_r  0x0000000008006f2c       0x20 c:/st/stm32cubeide_1.10.1/stm32cubeide/plugins/com.st.stm32cube.ide.mcu.externaltools.gnu-tools-for-stm32.10.3-2021.10.win32_1.0.0.202111181127/tools/bin/../lib/gcc/arm-none-eabi/10.3.1/../../../../arm-none-eabi/lib/thumb/v7e-m+fp/hard\libc_nano.a(lib_a-sbrkr.o)
                0x0000000008006f2c                _sbrk_r
 .text.__sread  0x0000000008006f4c       0x22 c:/st/stm32cubeide_1.10.1/stm32cubeide/plugins/com.st.stm32cube.ide.mcu.externaltools.gnu-tools-for-stm32.10.3-2021.10.win32_1.0.0.202111181127/tools/bin/../lib/gcc/arm-none-eabi/10.3.1/../../../../arm-none-eabi/lib/thumb/v7e-m+fp/hard\libc_nano.a(lib_a-stdio.o)
                0x0000000008006f4c                __sread
 .text.__swrite
                0x0000000008006f6e       0x38 c:/st/stm32cubeide_1.10.1/stm32cubeide/plugins/com.st.stm32cube.ide.mcu.externaltools.gnu-tools-for-stm32.10.3-2021.10.win32_1.0.0.202111181127/tools/bin/../lib/gcc/arm-none-eabi/10.3.1/../../../../arm-none-eabi/lib/thumb/v7e-m+fp/hard\libc_nano.a(lib_a-stdio.o)
                0x0000000008006f6e                __swrite
 .text.__sseek  0x0000000008006fa6       0x24 c:/st/stm32cubeide_1.10.1/stm32cubeide/plugins/com.st.stm32cube.ide.mcu.externaltools.gnu-tools-for-stm32.10.3-2021.10.win32_1.0.0.202111181127/tools/bin/../lib/gcc/arm-none-eabi/10.3.1/../../../../arm-none-eabi/lib/thumb/v7e-m+fp/hard\libc_nano.a(lib_a-stdio.o)
                0x0000000008006fa6                __sseek
 .text.__sclose
                0x0000000008006fca        0x8 c:/st/stm32cubeide_1.10.1/stm32cubeide/plugins/com.st.stm32cube.ide.mcu.externaltools.gnu-tools-for-stm32.10.3-2021.10.win32_1.0.0.202111181127/tools/bin/../lib/gcc/arm-none-eabi/10.3.1/../../../../arm-none-eabi/lib/thumb/v7e-m+fp/hard\libc_nano.a(lib_a-stdio.o)
                0x0000000008006fca                __sclose
 *fill*         0x0000000008006fd2        0x2 
 .text._write_r
                0x0000000008006fd4       0x24 c:/st/stm32cubeide_1.10.1/stm32cubeide/plugins/com.st.stm32cube.ide.mcu.externaltools.gnu-tools-for-stm32.10.3-2021.10.win32_1.0.0.202111181127/tools/bin/../lib/gcc/arm-none-eabi/10.3.1/../../../../arm-none-eabi/lib/thumb/v7e-m+fp/hard\libc_nano.a(lib_a-writer.o)
                0x0000000008006fd4                _write_r
 .text._close_r
                0x0000000008006ff8       0x20 c:/st/stm32cubeide_1.10.1/stm32cubeide/plugins/com.st.stm32cube.ide.mcu.externaltools.gnu-tools-for-stm32.10.3-2021.10.win32_1.0.0.202111181127/tools/bin/../lib/gcc/arm-none-eabi/10.3.1/../../../../arm-none-eabi/lib/thumb/v7e-m+fp/hard\libc_nano.a(lib_a-closer.o)
                0x0000000008006ff8                _close_r
 .text._lseek_r
                0x0000000008007018       0x24 c:/st/stm32cubeide_1.10.1/stm32cubeide/plugins/com.st.stm32cube.ide.mcu.externaltools.gnu-tools-for-stm32.10.3-2021.10.win32_1.0.0.202111181127/tools/bin/../lib/gcc/arm-none-eabi/10.3.1/../../../../arm-none-eabi/lib/thumb/v7e-m+fp/hard\libc_nano.a(lib_a-lseekr.o)
                0x0000000008007018                _lseek_r
 .text.__malloc_lock
                0x000000000800703c        0xc c:/st/stm32cubeide_1.10.1/stm32cubeide/plugins/com.st.stm32cube.ide.mcu.externaltools.gnu-tools-for-stm32.10.3-2021.10.win32_1.0.0.202111181127/tools/bin/../lib/gcc/arm-none-eabi/10.3.1/../../../../arm-none-eabi/lib/thumb/v7e-m+fp/hard\libc_nano.a(lib_a-mlock.o)
                0x000000000800703c                __malloc_lock
 .text.__malloc_unlock
                0x0000000008007048        0xc c:/st/stm32cubeide_1.10.1/stm32cubeide/plugins/com.st.stm32cube.ide.mcu.externaltools.gnu-tools-for-stm32.10.3-2021.10.win32_1.0.0.202111181127/tools/bin/../lib/gcc/arm-none-eabi/10.3.1/../../../../arm-none-eabi/lib/thumb/v7e-m+fp/hard\libc_nano.a(lib_a-mlock.o)
                0x0000000008007048                __malloc_unlock
 .text.__sfputc_r
                0x0000000008007054       0x2e c:/st/stm32cubeide_1.10.1/stm32cubeide/plugins/com.st.stm32cube.ide.mcu.externaltools.gnu-tools-for-stm32.10.3-2021.10.win32_1.0.0.202111181127/tools/bin/../lib/gcc/arm-none-eabi/10.3.1/../../../../arm-none-eabi/lib/thumb/v7e-m+fp/hard\libc_nano.a(lib_a-nano-vfprintf.o)
 .text.__sfputs_r
                0x0000000008007082       0x24 c:/st/stm32cubeide_1.10.1/stm32cubeide/plugins/com.st.stm32cube.ide.mcu.externaltools.gnu-tools-for-stm32.10.3-2021.10.win32_1.0.0.202111181127/tools/bin/../lib/gcc/arm-none-eabi/10.3.1/../../../../arm-none-eabi/lib/thumb/v7e-m+fp/hard\libc_nano.a(lib_a-nano-vfprintf.o)
                0x0000000008007082                __sfputs_r
 *fill*         0x00000000080070a6        0x2 
 .text._vfprintf_r
                0x00000000080070a8      0x260 c:/st/stm32cubeide_1.10.1/stm32cubeide/plugins/com.st.stm32cube.ide.mcu.externaltools.gnu-tools-for-stm32.10.3-2021.10.win32_1.0.0.202111181127/tools/bin/../lib/gcc/arm-none-eabi/10.3.1/../../../../arm-none-eabi/lib/thumb/v7e-m+fp/hard\libc_nano.a(lib_a-nano-vfprintf.o)
                0x00000000080070a8                _vfprintf_r
                0x00000000080070a8                _vfiprintf_r
 .text._printf_common
                0x0000000008007308       0xda c:/st/stm32cubeide_1.10.1/stm32cubeide/plugins/com.st.stm32cube.ide.mcu.externaltools.gnu-tools-for-stm32.10.3-2021.10.win32_1.0.0.202111181127/tools/bin/../lib/gcc/arm-none-eabi/10.3.1/../../../../arm-none-eabi/lib/thumb/v7e-m+fp/hard\libc_nano.a(lib_a-nano-vfprintf_i.o)
                0x0000000008007308                _printf_common
 *fill*         0x00000000080073e2        0x2 
 .text._printf_i
                0x00000000080073e4      0x24c c:/st/stm32cubeide_1.10.1/stm32cubeide/plugins/com.st.stm32cube.ide.mcu.externaltools.gnu-tools-for-stm32.10.3-2021.10.win32_1.0.0.202111181127/tools/bin/../lib/gcc/arm-none-eabi/10.3.1/../../../../arm-none-eabi/lib/thumb/v7e-m+fp/hard\libc_nano.a(lib_a-nano-vfprintf_i.o)
                0x00000000080073e4                _printf_i
 .text._read_r  0x0000000008007630       0x24 c:/st/stm32cubeide_1.10.1/stm32cubeide/plugins/com.st.stm32cube.ide.mcu.externaltools.gnu-tools-for-stm32.10.3-2021.10.win32_1.0.0.202111181127/tools/bin/../lib/gcc/arm-none-eabi/10.3.1/../../../../arm-none-eabi/lib/thumb/v7e-m+fp/hard\libc_nano.a(lib_a-readr.o)
                0x0000000008007630                _read_r
 .text.__swbuf_r
                0x0000000008007654       0xa4 c:/st/stm32cubeide_1.10.1/stm32cubeide/plugins/com.st.stm32cube.ide.mcu.externaltools.gnu-tools-for-stm32.10.3-2021.10.win32_1.0.0.202111181127/tools/bin/../lib/gcc/arm-none-eabi/10.3.1/../../../../arm-none-eabi/lib/thumb/v7e-m+fp/hard\libc_nano.a(lib_a-wbuf.o)
                0x0000000008007654                __swbuf_r
 .text.__swsetup_r
                0x00000000080076f8       0xdc c:/st/stm32cubeide_1.10.1/stm32cubeide/plugins/com.st.stm32cube.ide.mcu.externaltools.gnu-tools-for-stm32.10.3-2021.10.win32_1.0.0.202111181127/tools/bin/../lib/gcc/arm-none-eabi/10.3.1/../../../../arm-none-eabi/lib/thumb/v7e-m+fp/hard\libc_nano.a(lib_a-wsetup.o)
                0x00000000080076f8                __swsetup_r
 .text.__swhatbuf_r
                0x00000000080077d4       0x4a c:/st/stm32cubeide_1.10.1/stm32cubeide/plugins/com.st.stm32cube.ide.mcu.externaltools.gnu-tools-for-stm32.10.3-2021.10.win32_1.0.0.202111181127/tools/bin/../lib/gcc/arm-none-eabi/10.3.1/../../../../arm-none-eabi/lib/thumb/v7e-m+fp/hard\libc_nano.a(lib_a-makebuf.o)
                0x00000000080077d4                __swhatbuf_r
 *fill*         0x000000000800781e        0x2 
 .text.__smakebuf_r
                0x0000000008007820       0x80 c:/st/stm32cubeide_1.10.1/stm32cubeide/plugins/com.st.stm32cube.ide.mcu.externaltools.gnu-tools-for-stm32.10.3-2021.10.win32_1.0.0.202111181127/tools/bin/../lib/gcc/arm-none-eabi/10.3.1/../../../../arm-none-eabi/lib/thumb/v7e-m+fp/hard\libc_nano.a(lib_a-makebuf.o)
                0x0000000008007820                __smakebuf_r
 .text._fstat_r
                0x00000000080078a0       0x24 c:/st/stm32cubeide_1.10.1/stm32cubeide/plugins/com.st.stm32cube.ide.mcu.externaltools.gnu-tools-for-stm32.10.3-2021.10.win32_1.0.0.202111181127/tools/bin/../lib/gcc/arm-none-eabi/10.3.1/../../../../arm-none-eabi/lib/thumb/v7e-m+fp/hard\libc_nano.a(lib_a-fstatr.o)
                0x00000000080078a0                _fstat_r
 .text._isatty_r
                0x00000000080078c4       0x20 c:/st/stm32cubeide_1.10.1/stm32cubeide/plugins/com.st.stm32cube.ide.mcu.externaltools.gnu-tools-for-stm32.10.3-2021.10.win32_1.0.0.202111181127/tools/bin/../lib/gcc/arm-none-eabi/10.3.1/../../../../arm-none-eabi/lib/thumb/v7e-m+fp/hard\libc_nano.a(lib_a-isattyr.o)
                0x00000000080078c4                _isatty_r
 *(.glue_7)
 .glue_7        0x00000000080078e4        0x0 linker stubs
 *(.glue_7t)
 .glue_7t       0x00000000080078e4        0x0 linker stubs
 *(.eh_frame)
 .eh_frame      0x00000000080078e4        0x0 c:/st/stm32cubeide_1.10.1/stm32cubeide/plugins/com.st.stm32cube.ide.mcu.externaltools.gnu-tools-for-stm32.10.3-2021.10.win32_1.0.0.202111181127/tools/bin/../lib/gcc/arm-none-eabi/10.3.1/thumb/v7e-m+fp/hard/crtbegin.o
 *(.init)
 .init          0x00000000080078e4        0x4 c:/st/stm32cubeide_1.10.1/stm32cubeide/plugins/com.st.stm32cube.ide.mcu.externaltools.gnu-tools-for-stm32.10.3-2021.10.win32_1.0.0.202111181127/tools/bin/../lib/gcc/arm-none-eabi/10.3.1/thumb/v7e-m+fp/hard/crti.o
                0x00000000080078e4                _init
 .init          0x00000000080078e8        0x8 c:/st/stm32cubeide_1.10.1/stm32cubeide/plugins/com.st.stm32cube.ide.mcu.externaltools.gnu-tools-for-stm32.10.3-2021.10.win32_1.0.0.202111181127/tools/bin/../lib/gcc/arm-none-eabi/10.3.1/thumb/v7e-m+fp/hard/crtn.o
 *(.fini)
 .fini          0x00000000080078f0        0x4 c:/st/stm32cubeide_1.10.1/stm32cubeide/plugins/com.st.stm32cube.ide.mcu.externaltools.gnu-tools-for-stm32.10.3-2021.10.win32_1.0.0.202111181127/tools/bin/../lib/gcc/arm-none-eabi/10.3.1/thumb/v7e-m+fp/hard/crti.o
                0x00000000080078f0                _fini
 .fini          0x00000000080078f4        0x8 c:/st/stm32cubeide_1.10.1/stm32cubeide/plugins/com.st.stm32cube.ide.mcu.externaltools.gnu-tools-for-stm32.10.3-2021.10.win32_1.0.0.202111181127/tools/bin/../lib/gcc/arm-none-eabi/10.3.1/thumb/v7e-m+fp/hard/crtn.o
                0x00000000080078fc                . = ALIGN (0x4)
                0x00000000080078fc                _etext = .

.vfp11_veneer   0x00000000080078fc        0x0
 .vfp11_veneer  0x00000000080078fc        0x0 linker stubs

.v4_bx          0x00000000080078fc        0x0
 .v4_bx         0x00000000080078fc        0x0 linker stubs

.iplt           0x00000000080078fc        0x0
 .iplt          0x00000000080078fc        0x0 c:/st/stm32cubeide_1.10.1/stm32cubeide/plugins/com.st.stm32cube.ide.mcu.externaltools.gnu-tools-for-stm32.10.3-2021.10.win32_1.0.0.202111181127/tools/bin/../lib/gcc/arm-none-eabi/10.3.1/thumb/v7e-m+fp/hard/crtbegin.o

.rodata         0x00000000080078fc      0x4a0
                0x00000000080078fc                . = ALIGN (0x4)
 *(.rodata)
 .rodata        0x00000000080078fc       0x56 ./App/Src/app.o
 *fill*         0x0000000008007952        0x2 
 .rodata        0x0000000008007954      0x1d6 ./App/Src/task_AB.o
 *fill*         0x0000000008007b2a        0x2 
 .rodata        0x0000000008007b2c       0x38 ./App/Src/task_C.o
 .rodata        0x0000000008007b64      0x12e ./App/Src/task_Test.o
 *fill*         0x0000000008007c92        0x2 
 .rodata        0x0000000008007c94       0x20 ./Core/Src/main.o
 .rodata        0x0000000008007cb4        0x5 ./Middlewares/Third_Party/FreeRTOS/Source/tasks.o
 *fill*         0x0000000008007cb9        0x3 
 .rodata        0x0000000008007cbc       0x25 ./Supporting_Functions/Src/supporting_Functions.o
 *(.rodata*)
 *fill*         0x0000000008007ce1        0x3 
 .rodata.eTaskTestArray
                0x0000000008007ce4        0x8 ./App/Src/task_Test.o
                0x0000000008007ce4                eTaskTestArray
 .rodata.AHBPrescTable
                0x0000000008007cec       0x10 ./Core/Src/system_stm32f4xx.o
                0x0000000008007cec                AHBPrescTable
 .rodata.APBPrescTable
                0x0000000008007cfc        0x8 ./Core/Src/system_stm32f4xx.o
                0x0000000008007cfc                APBPrescTable
 .rodata.__sf_fake_stderr
                0x0000000008007d04       0x20 c:/st/stm32cubeide_1.10.1/stm32cubeide/plugins/com.st.stm32cube.ide.mcu.externaltools.gnu-tools-for-stm32.10.3-2021.10.win32_1.0.0.202111181127/tools/bin/../lib/gcc/arm-none-eabi/10.3.1/../../../../arm-none-eabi/lib/thumb/v7e-m+fp/hard\libc_nano.a(lib_a-findfp.o)
                0x0000000008007d04                __sf_fake_stderr
 .rodata.__sf_fake_stdin
                0x0000000008007d24       0x20 c:/st/stm32cubeide_1.10.1/stm32cubeide/plugins/com.st.stm32cube.ide.mcu.externaltools.gnu-tools-for-stm32.10.3-2021.10.win32_1.0.0.202111181127/tools/bin/../lib/gcc/arm-none-eabi/10.3.1/../../../../arm-none-eabi/lib/thumb/v7e-m+fp/hard\libc_nano.a(lib_a-findfp.o)
                0x0000000008007d24                __sf_fake_stdin
 .rodata.__sf_fake_stdout
                0x0000000008007d44       0x20 c:/st/stm32cubeide_1.10.1/stm32cubeide/plugins/com.st.stm32cube.ide.mcu.externaltools.gnu-tools-for-stm32.10.3-2021.10.win32_1.0.0.202111181127/tools/bin/../lib/gcc/arm-none-eabi/10.3.1/../../../../arm-none-eabi/lib/thumb/v7e-m+fp/hard\libc_nano.a(lib_a-findfp.o)
                0x0000000008007d44                __sf_fake_stdout
 .rodata._global_impure_ptr
                0x0000000008007d64        0x4 c:/st/stm32cubeide_1.10.1/stm32cubeide/plugins/com.st.stm32cube.ide.mcu.externaltools.gnu-tools-for-stm32.10.3-2021.10.win32_1.0.0.202111181127/tools/bin/../lib/gcc/arm-none-eabi/10.3.1/../../../../arm-none-eabi/lib/thumb/v7e-m+fp/hard\libc_nano.a(lib_a-impure.o)
                0x0000000008007d64                _global_impure_ptr
 .rodata._vfprintf_r.str1.1
                0x0000000008007d68       0x11 c:/st/stm32cubeide_1.10.1/stm32cubeide/plugins/com.st.stm32cube.ide.mcu.externaltools.gnu-tools-for-stm32.10.3-2021.10.win32_1.0.0.202111181127/tools/bin/../lib/gcc/arm-none-eabi/10.3.1/../../../../arm-none-eabi/lib/thumb/v7e-m+fp/hard\libc_nano.a(lib_a-nano-vfprintf.o)
 .rodata._printf_i.str1.1
                0x0000000008007d79       0x22 c:/st/stm32cubeide_1.10.1/stm32cubeide/plugins/com.st.stm32cube.ide.mcu.externaltools.gnu-tools-for-stm32.10.3-2021.10.win32_1.0.0.202111181127/tools/bin/../lib/gcc/arm-none-eabi/10.3.1/../../../../arm-none-eabi/lib/thumb/v7e-m+fp/hard\libc_nano.a(lib_a-nano-vfprintf_i.o)
                0x0000000008007d9c                . = ALIGN (0x4)
 *fill*         0x0000000008007d9b        0x1 

.ARM.extab      0x0000000008007d9c        0x0
                0x0000000008007d9c                . = ALIGN (0x4)
 *(.ARM.extab* .gnu.linkonce.armextab.*)
                0x0000000008007d9c                . = ALIGN (0x4)

.ARM            0x0000000008007d9c        0x8
                0x0000000008007d9c                . = ALIGN (0x4)
                0x0000000008007d9c                __exidx_start = .
 *(.ARM.exidx*)
 .ARM.exidx     0x0000000008007d9c        0x8 c:/st/stm32cubeide_1.10.1/stm32cubeide/plugins/com.st.stm32cube.ide.mcu.externaltools.gnu-tools-for-stm32.10.3-2021.10.win32_1.0.0.202111181127/tools/bin/../lib/gcc/arm-none-eabi/10.3.1/thumb/v7e-m+fp/hard\libgcc.a(_udivmoddi4.o)
                0x0000000008007da4                __exidx_end = .
                0x0000000008007da4                . = ALIGN (0x4)

.rel.dyn        0x0000000008007da4        0x0
 .rel.iplt      0x0000000008007da4        0x0 c:/st/stm32cubeide_1.10.1/stm32cubeide/plugins/com.st.stm32cube.ide.mcu.externaltools.gnu-tools-for-stm32.10.3-2021.10.win32_1.0.0.202111181127/tools/bin/../lib/gcc/arm-none-eabi/10.3.1/thumb/v7e-m+fp/hard/crtbegin.o

.preinit_array  0x0000000008007da4        0x0
                0x0000000008007da4                . = ALIGN (0x4)
                0x0000000008007da4                PROVIDE (__preinit_array_start = .)
 *(.preinit_array*)
                0x0000000008007da4                PROVIDE (__preinit_array_end = .)
                0x0000000008007da4                . = ALIGN (0x4)

.init_array     0x0000000008007da4        0x4
                0x0000000008007da4                . = ALIGN (0x4)
                0x0000000008007da4                PROVIDE (__init_array_start = .)
 *(SORT_BY_NAME(.init_array.*))
 *(.init_array*)
 .init_array    0x0000000008007da4        0x4 c:/st/stm32cubeide_1.10.1/stm32cubeide/plugins/com.st.stm32cube.ide.mcu.externaltools.gnu-tools-for-stm32.10.3-2021.10.win32_1.0.0.202111181127/tools/bin/../lib/gcc/arm-none-eabi/10.3.1/thumb/v7e-m+fp/hard/crtbegin.o
                0x0000000008007da8                PROVIDE (__init_array_end = .)
                0x0000000008007da8                . = ALIGN (0x4)

.fini_array     0x0000000008007da8        0x4
                0x0000000008007da8                . = ALIGN (0x4)
                [!provide]                        PROVIDE (__fini_array_start = .)
 *(SORT_BY_NAME(.fini_array.*))
 *(.fini_array*)
 .fini_array    0x0000000008007da8        0x4 c:/st/stm32cubeide_1.10.1/stm32cubeide/plugins/com.st.stm32cube.ide.mcu.externaltools.gnu-tools-for-stm32.10.3-2021.10.win32_1.0.0.202111181127/tools/bin/../lib/gcc/arm-none-eabi/10.3.1/thumb/v7e-m+fp/hard/crtbegin.o
                [!provide]                        PROVIDE (__fini_array_end = .)
                0x0000000008007dac                . = ALIGN (0x4)
                0x0000000008007dac                _sidata = LOADADDR (.data)

.data           0x0000000020000000       0xd4 load address 0x0000000008007dac
                0x0000000020000000                . = ALIGN (0x4)
                0x0000000020000000                _sdata = .
 *(.data)
 *(.data*)
 .data.pcTextForMain
                0x0000000020000000        0x4 ./App/Src/app.o
                0x0000000020000000                pcTextForMain
 .data.patente  0x0000000020000004        0x1 ./App/Src/task_AB.o
                0x0000000020000004                patente
 *fill*         0x0000000020000005        0x3 
 .data.pcTextForTaskA
                0x0000000020000008        0x4 ./App/Src/task_AB.o
                0x0000000020000008                pcTextForTaskA
 .data.pcTextForTaskA_lTasksCnt
                0x000000002000000c        0x4 ./App/Src/task_AB.o
                0x000000002000000c                pcTextForTaskA_lTasksCnt
 .data.pcTextForTaskA_WaitEntry
                0x0000000020000010        0x4 ./App/Src/task_AB.o
                0x0000000020000010                pcTextForTaskA_WaitEntry
 .data.pcTextForTaskA_WaitContinue
                0x0000000020000014        0x4 ./App/Src/task_AB.o
                0x0000000020000014                pcTextForTaskA_WaitContinue
 .data.pcTextForTaskA_WaitMutex
                0x0000000020000018        0x4 ./App/Src/task_AB.o
                0x0000000020000018                pcTextForTaskA_WaitMutex
 .data.pcTextForTaskA_SignalMutex
                0x000000002000001c        0x4 ./App/Src/task_AB.o
                0x000000002000001c                pcTextForTaskA_SignalMutex
 .data.pcTextForTaskB
                0x0000000020000020        0x4 ./App/Src/task_AB.o
                0x0000000020000020                pcTextForTaskB
 .data.pcTextForTaskB_lTasksCnt
                0x0000000020000024        0x4 ./App/Src/task_AB.o
                0x0000000020000024                pcTextForTaskB_lTasksCnt
 .data.pcTextForTaskB_WaitExit
                0x0000000020000028        0x4 ./App/Src/task_AB.o
                0x0000000020000028                pcTextForTaskB_WaitExit
 .data.pcTextForTaskB_SignalContinue
                0x000000002000002c        0x4 ./App/Src/task_AB.o
                0x000000002000002c                pcTextForTaskB_SignalContinue
 .data.pcTextForTaskB_WaitMutex
                0x0000000020000030        0x4 ./App/Src/task_AB.o
                0x0000000020000030                pcTextForTaskB_WaitMutex
 .data.pcTextForTaskB_SignalMutex
                0x0000000020000034        0x4 ./App/Src/task_AB.o
                0x0000000020000034                pcTextForTaskB_SignalMutex
 .data.pcTextForTaskC
                0x0000000020000038        0x4 ./App/Src/task_C.o
                0x0000000020000038                pcTextForTaskC
 .data.pcTextForPatente
                0x000000002000003c        0x4 ./App/Src/task_C.o
                0x000000002000003c                pcTextForPatente
 .data.pcTextForTaskTest
                0x0000000020000040        0x4 ./App/Src/task_Test.o
                0x0000000020000040                pcTextForTaskTest
 .data.pcTextForTaskTest_TEST_X
                0x0000000020000044        0x4 ./App/Src/task_Test.o
                0x0000000020000044                pcTextForTaskTest_TEST_X
 .data.pcTextForTaskTest_priority
                0x0000000020000048        0x4 ./App/Src/task_Test.o
                0x0000000020000048                pcTextForTaskTest_priority
 .data.pcTextForTaskTest_eTaskTestArrayIndex
                0x000000002000004c        0x4 ./App/Src/task_Test.o
                0x000000002000004c                pcTextForTaskTest_eTaskTestArrayIndex
 .data.pcTextForTaskTest_SignalEntry
                0x0000000020000050        0x4 ./App/Src/task_Test.o
                0x0000000020000050                pcTextForTaskTest_SignalEntry
 .data.pcTextForTaskTest_SignalExit
                0x0000000020000054        0x4 ./App/Src/task_Test.o
                0x0000000020000054                pcTextForTaskTest_SignalExit
 .data.pcTextForTaskTest_SignalError
                0x0000000020000058        0x4 ./App/Src/task_Test.o
                0x0000000020000058                pcTextForTaskTest_SignalError
 .data.pcTextForTaskTest_Wait5000mS
                0x000000002000005c        0x4 ./App/Src/task_Test.o
                0x000000002000005c                pcTextForTaskTest_Wait5000mS
 .data.SystemCoreClock
                0x0000000020000060        0x4 ./Core/Src/system_stm32f4xx.o
                0x0000000020000060                SystemCoreClock
 .data.uwTickPrio
                0x0000000020000064        0x4 ./Drivers/STM32F4xx_HAL_Driver/Src/stm32f4xx_hal.o
                0x0000000020000064                uwTickPrio
 .data.uwTickFreq
                0x0000000020000068        0x1 ./Drivers/STM32F4xx_HAL_Driver/Src/stm32f4xx_hal.o
                0x0000000020000068                uwTickFreq
 *fill*         0x0000000020000069        0x3 
 .data.uxCriticalNesting
                0x000000002000006c        0x4 ./Middlewares/Third_Party/FreeRTOS/Source/portable/GCC/ARM_CM4F/port.o
 .data._impure_ptr
                0x0000000020000070        0x4 c:/st/stm32cubeide_1.10.1/stm32cubeide/plugins/com.st.stm32cube.ide.mcu.externaltools.gnu-tools-for-stm32.10.3-2021.10.win32_1.0.0.202111181127/tools/bin/../lib/gcc/arm-none-eabi/10.3.1/../../../../arm-none-eabi/lib/thumb/v7e-m+fp/hard\libc_nano.a(lib_a-impure.o)
                0x0000000020000070                _impure_ptr
 .data.impure_data
                0x0000000020000074       0x60 c:/st/stm32cubeide_1.10.1/stm32cubeide/plugins/com.st.stm32cube.ide.mcu.externaltools.gnu-tools-for-stm32.10.3-2021.10.win32_1.0.0.202111181127/tools/bin/../lib/gcc/arm-none-eabi/10.3.1/../../../../arm-none-eabi/lib/thumb/v7e-m+fp/hard\libc_nano.a(lib_a-impure.o)
 *(.RamFunc)
 *(.RamFunc*)
                0x00000000200000d4                . = ALIGN (0x4)
                0x00000000200000d4                _edata = .
                0x0000000008007e80                _siccmram = LOADADDR (.ccmram)

.igot.plt       0x00000000200000d4        0x0 load address 0x0000000008007e80
 .igot.plt      0x00000000200000d4        0x0 c:/st/stm32cubeide_1.10.1/stm32cubeide/plugins/com.st.stm32cube.ide.mcu.externaltools.gnu-tools-for-stm32.10.3-2021.10.win32_1.0.0.202111181127/tools/bin/../lib/gcc/arm-none-eabi/10.3.1/thumb/v7e-m+fp/hard/crtbegin.o

.ccmram         0x0000000010000000        0x0 load address 0x0000000008007e80
                0x0000000010000000                . = ALIGN (0x4)
                0x0000000010000000                _sccmram = .
 *(.ccmram)
 *(.ccmram*)
                0x0000000010000000                . = ALIGN (0x4)
                0x0000000010000000                _eccmram = .
                0x0000000010000000                . = ALIGN (0x4)

.bss            0x00000000200000d4     0x4580
                0x00000000200000d4                _sbss = .
                0x00000000200000d4                __bss_start__ = _sbss
 *(.bss)
 .bss           0x00000000200000d4       0x1c c:/st/stm32cubeide_1.10.1/stm32cubeide/plugins/com.st.stm32cube.ide.mcu.externaltools.gnu-tools-for-stm32.10.3-2021.10.win32_1.0.0.202111181127/tools/bin/../lib/gcc/arm-none-eabi/10.3.1/thumb/v7e-m+fp/hard/crtbegin.o
 *(.bss*)
 .bss.xBinarySemaphoreEntry
                0x00000000200000f0        0x4 ./App/Src/app.o
                0x00000000200000f0                xBinarySemaphoreEntry
 .bss.xBinarySemaphoreExit
                0x00000000200000f4        0x4 ./App/Src/app.o
                0x00000000200000f4                xBinarySemaphoreExit
 .bss.xCountSemaphoreContinue
                0x00000000200000f8        0x4 ./App/Src/app.o
                0x00000000200000f8                xCountSemaphoreContinue
 .bss.xMutex    0x00000000200000fc        0x4 ./App/Src/app.o
                0x00000000200000fc                xMutex
 .bss.vTaskAHandle
                0x0000000020000100        0x4 ./App/Src/app.o
                0x0000000020000100                vTaskAHandle
 .bss.vTaskB1Handle
                0x0000000020000104        0x4 ./App/Src/app.o
                0x0000000020000104                vTaskB1Handle
 .bss.vTaskCHandle
                0x0000000020000108        0x4 ./App/Src/app.o
                0x0000000020000108                vTaskCHandle
 .bss.vTaskTestHandle
                0x000000002000010c        0x4 ./App/Src/app.o
                0x000000002000010c                vTaskTestHandle
 .bss.xQueueCHandle
                0x0000000020000110        0x4 ./App/Src/app.o
                0x0000000020000110                xQueueCHandle
 .bss.lTasksCnt
                0x0000000020000114        0x4 ./App/Src/app.o
                0x0000000020000114                lTasksCnt
 .bss.lTaskABFlag
                0x0000000020000118        0x4 ./App/Src/task_AB.o
                0x0000000020000118                lTaskABFlag
 .bss.TxConfig  0x000000002000011c       0x38 ./Core/Src/main.o
                0x000000002000011c                TxConfig
 .bss.DMARxDscrTab
                0x0000000020000154       0xa0 ./Core/Src/main.o
                0x0000000020000154                DMARxDscrTab
 .bss.DMATxDscrTab
                0x00000000200001f4       0xa0 ./Core/Src/main.o
                0x00000000200001f4                DMATxDscrTab
 .bss.heth      0x0000000020000294       0xb0 ./Core/Src/main.o
                0x0000000020000294                heth
 .bss.huart3    0x0000000020000344       0x44 ./Core/Src/main.o
                0x0000000020000344                huart3
 .bss.hpcd_USB_OTG_FS
                0x0000000020000388      0x50c ./Core/Src/main.o
                0x0000000020000388                hpcd_USB_OTG_FS
 .bss.defaultTaskHandle
                0x0000000020000894        0x4 ./Core/Src/main.o
                0x0000000020000894                defaultTaskHandle
 .bss.MACAddr.0
                0x0000000020000898        0x6 ./Core/Src/main.o
 *fill*         0x000000002000089e        0x2 
 .bss.htim7     0x00000000200008a0       0x48 ./Core/Src/stm32f4xx_hal_timebase_tim.o
                0x00000000200008a0                htim7
 .bss.__sbrk_heap_end
                0x00000000200008e8        0x4 ./Core/Src/sysmem.o
 .bss.uwTick    0x00000000200008ec        0x4 ./Drivers/STM32F4xx_HAL_Driver/Src/stm32f4xx_hal.o
                0x00000000200008ec                uwTick
 .bss.pxCurrentTCB
                0x00000000200008f0        0x4 ./Middlewares/Third_Party/FreeRTOS/Source/tasks.o
                0x00000000200008f0                pxCurrentTCB
 .bss.pxReadyTasksLists
                0x00000000200008f4       0x8c ./Middlewares/Third_Party/FreeRTOS/Source/tasks.o
 .bss.xDelayedTaskList1
                0x0000000020000980       0x14 ./Middlewares/Third_Party/FreeRTOS/Source/tasks.o
 .bss.xDelayedTaskList2
                0x0000000020000994       0x14 ./Middlewares/Third_Party/FreeRTOS/Source/tasks.o
 .bss.pxDelayedTaskList
                0x00000000200009a8        0x4 ./Middlewares/Third_Party/FreeRTOS/Source/tasks.o
 .bss.pxOverflowDelayedTaskList
                0x00000000200009ac        0x4 ./Middlewares/Third_Party/FreeRTOS/Source/tasks.o
 .bss.xPendingReadyList
                0x00000000200009b0       0x14 ./Middlewares/Third_Party/FreeRTOS/Source/tasks.o
 .bss.xTasksWaitingTermination
                0x00000000200009c4       0x14 ./Middlewares/Third_Party/FreeRTOS/Source/tasks.o
 .bss.uxDeletedTasksWaitingCleanUp
                0x00000000200009d8        0x4 ./Middlewares/Third_Party/FreeRTOS/Source/tasks.o
 .bss.xSuspendedTaskList
                0x00000000200009dc       0x14 ./Middlewares/Third_Party/FreeRTOS/Source/tasks.o
 .bss.uxCurrentNumberOfTasks
                0x00000000200009f0        0x4 ./Middlewares/Third_Party/FreeRTOS/Source/tasks.o
 .bss.xTickCount
                0x00000000200009f4        0x4 ./Middlewares/Third_Party/FreeRTOS/Source/tasks.o
 .bss.uxTopReadyPriority
                0x00000000200009f8        0x4 ./Middlewares/Third_Party/FreeRTOS/Source/tasks.o
 .bss.xSchedulerRunning
                0x00000000200009fc        0x4 ./Middlewares/Third_Party/FreeRTOS/Source/tasks.o
 .bss.xPendedTicks
                0x0000000020000a00        0x4 ./Middlewares/Third_Party/FreeRTOS/Source/tasks.o
 .bss.xYieldPending
                0x0000000020000a04        0x4 ./Middlewares/Third_Party/FreeRTOS/Source/tasks.o
 .bss.xNumOfOverflows
                0x0000000020000a08        0x4 ./Middlewares/Third_Party/FreeRTOS/Source/tasks.o
 .bss.uxTaskNumber
                0x0000000020000a0c        0x4 ./Middlewares/Third_Party/FreeRTOS/Source/tasks.o
 .bss.xNextTaskUnblockTime
                0x0000000020000a10        0x4 ./Middlewares/Third_Party/FreeRTOS/Source/tasks.o
 .bss.xIdleTaskHandle
                0x0000000020000a14        0x4 ./Middlewares/Third_Party/FreeRTOS/Source/tasks.o
 .bss.uxSchedulerSuspended
                0x0000000020000a18        0x4 ./Middlewares/Third_Party/FreeRTOS/Source/tasks.o
 .bss.ucMaxSysCallPriority
                0x0000000020000a1c        0x1 ./Middlewares/Third_Party/FreeRTOS/Source/portable/GCC/ARM_CM4F/port.o
 *fill*         0x0000000020000a1d        0x3 
 .bss.ulMaxPRIGROUPValue
                0x0000000020000a20        0x4 ./Middlewares/Third_Party/FreeRTOS/Source/portable/GCC/ARM_CM4F/port.o
 .bss.ucHeap    0x0000000020000a24     0x3c00 ./Middlewares/Third_Party/FreeRTOS/Source/portable/MemMang/heap_4.o
 .bss.xStart    0x0000000020004624        0x8 ./Middlewares/Third_Party/FreeRTOS/Source/portable/MemMang/heap_4.o
 .bss.pxEnd     0x000000002000462c        0x4 ./Middlewares/Third_Party/FreeRTOS/Source/portable/MemMang/heap_4.o
 .bss.xFreeBytesRemaining
                0x0000000020004630        0x4 ./Middlewares/Third_Party/FreeRTOS/Source/portable/MemMang/heap_4.o
 .bss.xMinimumEverFreeBytesRemaining
                0x0000000020004634        0x4 ./Middlewares/Third_Party/FreeRTOS/Source/portable/MemMang/heap_4.o
 .bss.xNumberOfSuccessfulAllocations
                0x0000000020004638        0x4 ./Middlewares/Third_Party/FreeRTOS/Source/portable/MemMang/heap_4.o
 .bss.xNumberOfSuccessfulFrees
                0x000000002000463c        0x4 ./Middlewares/Third_Party/FreeRTOS/Source/portable/MemMang/heap_4.o
 .bss.xBlockAllocatedBit
                0x0000000020004640        0x4 ./Middlewares/Third_Party/FreeRTOS/Source/portable/MemMang/heap_4.o
 .bss.__lock___malloc_recursive_mutex
                0x0000000020004644        0x1 c:/st/stm32cubeide_1.10.1/stm32cubeide/plugins/com.st.stm32cube.ide.mcu.externaltools.gnu-tools-for-stm32.10.3-2021.10.win32_1.0.0.202111181127/tools/bin/../lib/gcc/arm-none-eabi/10.3.1/../../../../arm-none-eabi/lib/thumb/v7e-m+fp/hard\libc_nano.a(lib_a-lock.o)
                0x0000000020004644                __lock___malloc_recursive_mutex
 .bss.__lock___sfp_recursive_mutex
                0x0000000020004645        0x1 c:/st/stm32cubeide_1.10.1/stm32cubeide/plugins/com.st.stm32cube.ide.mcu.externaltools.gnu-tools-for-stm32.10.3-2021.10.win32_1.0.0.202111181127/tools/bin/../lib/gcc/arm-none-eabi/10.3.1/../../../../arm-none-eabi/lib/thumb/v7e-m+fp/hard\libc_nano.a(lib_a-lock.o)
                0x0000000020004645                __lock___sfp_recursive_mutex
 .bss.__lock___sinit_recursive_mutex
                0x0000000020004646        0x1 c:/st/stm32cubeide_1.10.1/stm32cubeide/plugins/com.st.stm32cube.ide.mcu.externaltools.gnu-tools-for-stm32.10.3-2021.10.win32_1.0.0.202111181127/tools/bin/../lib/gcc/arm-none-eabi/10.3.1/../../../../arm-none-eabi/lib/thumb/v7e-m+fp/hard\libc_nano.a(lib_a-lock.o)
                0x0000000020004646                __lock___sinit_recursive_mutex
 *fill*         0x0000000020004647        0x1 
 .bss.__malloc_free_list
                0x0000000020004648        0x4 c:/st/stm32cubeide_1.10.1/stm32cubeide/plugins/com.st.stm32cube.ide.mcu.externaltools.gnu-tools-for-stm32.10.3-2021.10.win32_1.0.0.202111181127/tools/bin/../lib/gcc/arm-none-eabi/10.3.1/../../../../arm-none-eabi/lib/thumb/v7e-m+fp/hard\libc_nano.a(lib_a-nano-mallocr.o)
                0x0000000020004648                __malloc_free_list
 .bss.__malloc_sbrk_start
                0x000000002000464c        0x4 c:/st/stm32cubeide_1.10.1/stm32cubeide/plugins/com.st.stm32cube.ide.mcu.externaltools.gnu-tools-for-stm32.10.3-2021.10.win32_1.0.0.202111181127/tools/bin/../lib/gcc/arm-none-eabi/10.3.1/../../../../arm-none-eabi/lib/thumb/v7e-m+fp/hard\libc_nano.a(lib_a-nano-mallocr.o)
                0x000000002000464c                __malloc_sbrk_start
 .bss.errno     0x0000000020004650        0x4 c:/st/stm32cubeide_1.10.1/stm32cubeide/plugins/com.st.stm32cube.ide.mcu.externaltools.gnu-tools-for-stm32.10.3-2021.10.win32_1.0.0.202111181127/tools/bin/../lib/gcc/arm-none-eabi/10.3.1/../../../../arm-none-eabi/lib/thumb/v7e-m+fp/hard\libc_nano.a(lib_a-reent.o)
                0x0000000020004650                errno
 *(COMMON)
                0x0000000020004654                . = ALIGN (0x4)
                0x0000000020004654                _ebss = .
                0x0000000020004654                __bss_end__ = _ebss

._user_heap_stack
                0x0000000020004654      0x604
                0x0000000020004658                . = ALIGN (0x8)
 *fill*         0x0000000020004654        0x4 
                [!provide]                        PROVIDE (end = .)
                0x0000000020004658                PROVIDE (_end = .)
                0x0000000020004858                . = (. + _Min_Heap_Size)
 *fill*         0x0000000020004658      0x200 
                0x0000000020004c58                . = (. + _Min_Stack_Size)
 *fill*         0x0000000020004858      0x400 
                0x0000000020004c58                . = ALIGN (0x8)

/DISCARD/
 libc.a(*)
 libm.a(*)
 libgcc.a(*)

.ARM.attributes
                0x0000000000000000       0x30
 *(.ARM.attributes)
 .ARM.attributes
                0x0000000000000000       0x1e c:/st/stm32cubeide_1.10.1/stm32cubeide/plugins/com.st.stm32cube.ide.mcu.externaltools.gnu-tools-for-stm32.10.3-2021.10.win32_1.0.0.202111181127/tools/bin/../lib/gcc/arm-none-eabi/10.3.1/thumb/v7e-m+fp/hard/crti.o
 .ARM.attributes
                0x000000000000001e       0x34 c:/st/stm32cubeide_1.10.1/stm32cubeide/plugins/com.st.stm32cube.ide.mcu.externaltools.gnu-tools-for-stm32.10.3-2021.10.win32_1.0.0.202111181127/tools/bin/../lib/gcc/arm-none-eabi/10.3.1/thumb/v7e-m+fp/hard/crtbegin.o
 .ARM.attributes
                0x0000000000000052       0x34 ./App/Src/app.o
 .ARM.attributes
                0x0000000000000086       0x34 ./App/Src/task_AB.o
 .ARM.attributes
                0x00000000000000ba       0x34 ./App/Src/task_C.o
 .ARM.attributes
                0x00000000000000ee       0x34 ./App/Src/task_Test.o
 .ARM.attributes
                0x0000000000000122       0x34 ./Core/Src/main.o
 .ARM.attributes
                0x0000000000000156       0x34 ./Core/Src/stm32f4xx_hal_msp.o
 .ARM.attributes
                0x000000000000018a       0x34 ./Core/Src/stm32f4xx_hal_timebase_tim.o
 .ARM.attributes
                0x00000000000001be       0x34 ./Core/Src/stm32f4xx_it.o
 .ARM.attributes
                0x00000000000001f2       0x34 ./Core/Src/syscalls.o
 .ARM.attributes
                0x0000000000000226       0x34 ./Core/Src/sysmem.o
 .ARM.attributes
                0x000000000000025a       0x34 ./Core/Src/system_stm32f4xx.o
 .ARM.attributes
                0x000000000000028e       0x21 ./Core/Startup/startup_stm32f429zitx.o
 .ARM.attributes
                0x00000000000002af       0x34 ./Drivers/STM32F4xx_HAL_Driver/Src/stm32f4xx_hal.o
 .ARM.attributes
                0x00000000000002e3       0x34 ./Drivers/STM32F4xx_HAL_Driver/Src/stm32f4xx_hal_cortex.o
 .ARM.attributes
                0x0000000000000317       0x34 ./Drivers/STM32F4xx_HAL_Driver/Src/stm32f4xx_hal_eth.o
 .ARM.attributes
                0x000000000000034b       0x34 ./Drivers/STM32F4xx_HAL_Driver/Src/stm32f4xx_hal_gpio.o
 .ARM.attributes
                0x000000000000037f       0x34 ./Drivers/STM32F4xx_HAL_Driver/Src/stm32f4xx_hal_pcd.o
 .ARM.attributes
                0x00000000000003b3       0x34 ./Drivers/STM32F4xx_HAL_Driver/Src/stm32f4xx_hal_rcc.o
 .ARM.attributes
                0x00000000000003e7       0x34 ./Drivers/STM32F4xx_HAL_Driver/Src/stm32f4xx_hal_tim.o
 .ARM.attributes
                0x000000000000041b       0x34 ./Drivers/STM32F4xx_HAL_Driver/Src/stm32f4xx_hal_tim_ex.o
 .ARM.attributes
                0x000000000000044f       0x34 ./Drivers/STM32F4xx_HAL_Driver/Src/stm32f4xx_hal_uart.o
 .ARM.attributes
                0x0000000000000483       0x34 ./Drivers/STM32F4xx_HAL_Driver/Src/stm32f4xx_ll_usb.o
 .ARM.attributes
                0x00000000000004b7       0x34 ./Middlewares/Third_Party/FreeRTOS/Source/CMSIS_RTOS/cmsis_os.o
 .ARM.attributes
                0x00000000000004eb       0x34 ./Middlewares/Third_Party/FreeRTOS/Source/list.o
 .ARM.attributes
                0x000000000000051f       0x34 ./Middlewares/Third_Party/FreeRTOS/Source/queue.o
 .ARM.attributes
                0x0000000000000553       0x34 ./Middlewares/Third_Party/FreeRTOS/Source/tasks.o
 .ARM.attributes
                0x0000000000000587       0x34 ./Middlewares/Third_Party/FreeRTOS/Source/portable/GCC/ARM_CM4F/port.o
 .ARM.attributes
                0x00000000000005bb       0x34 ./Middlewares/Third_Party/FreeRTOS/Source/portable/MemMang/heap_4.o
 .ARM.attributes
                0x00000000000005ef       0x34 ./Supporting_Functions/Src/supporting_Functions.o
 .ARM.attributes
                0x0000000000000623       0x34 c:/st/stm32cubeide_1.10.1/stm32cubeide/plugins/com.st.stm32cube.ide.mcu.externaltools.gnu-tools-for-stm32.10.3-2021.10.win32_1.0.0.202111181127/tools/bin/../lib/gcc/arm-none-eabi/10.3.1/../../../../arm-none-eabi/lib/thumb/v7e-m+fp/hard\libc_nano.a(lib_a-errno.o)
 .ARM.attributes
                0x0000000000000657       0x34 c:/st/stm32cubeide_1.10.1/stm32cubeide/plugins/com.st.stm32cube.ide.mcu.externaltools.gnu-tools-for-stm32.10.3-2021.10.win32_1.0.0.202111181127/tools/bin/../lib/gcc/arm-none-eabi/10.3.1/../../../../arm-none-eabi/lib/thumb/v7e-m+fp/hard\libc_nano.a(lib_a-fflush.o)
 .ARM.attributes
                0x000000000000068b       0x34 c:/st/stm32cubeide_1.10.1/stm32cubeide/plugins/com.st.stm32cube.ide.mcu.externaltools.gnu-tools-for-stm32.10.3-2021.10.win32_1.0.0.202111181127/tools/bin/../lib/gcc/arm-none-eabi/10.3.1/../../../../arm-none-eabi/lib/thumb/v7e-m+fp/hard\libc_nano.a(lib_a-findfp.o)
 .ARM.attributes
                0x00000000000006bf       0x34 c:/st/stm32cubeide_1.10.1/stm32cubeide/plugins/com.st.stm32cube.ide.mcu.externaltools.gnu-tools-for-stm32.10.3-2021.10.win32_1.0.0.202111181127/tools/bin/../lib/gcc/arm-none-eabi/10.3.1/../../../../arm-none-eabi/lib/thumb/v7e-m+fp/hard\libc_nano.a(lib_a-fwalk.o)
 .ARM.attributes
                0x00000000000006f3       0x34 c:/st/stm32cubeide_1.10.1/stm32cubeide/plugins/com.st.stm32cube.ide.mcu.externaltools.gnu-tools-for-stm32.10.3-2021.10.win32_1.0.0.202111181127/tools/bin/../lib/gcc/arm-none-eabi/10.3.1/../../../../arm-none-eabi/lib/thumb/v7e-m+fp/hard\libc_nano.a(lib_a-impure.o)
 .ARM.attributes
                0x0000000000000727       0x34 c:/st/stm32cubeide_1.10.1/stm32cubeide/plugins/com.st.stm32cube.ide.mcu.externaltools.gnu-tools-for-stm32.10.3-2021.10.win32_1.0.0.202111181127/tools/bin/../lib/gcc/arm-none-eabi/10.3.1/../../../../arm-none-eabi/lib/thumb/v7e-m+fp/hard\libc_nano.a(lib_a-init.o)
 .ARM.attributes
                0x000000000000075b       0x34 c:/st/stm32cubeide_1.10.1/stm32cubeide/plugins/com.st.stm32cube.ide.mcu.externaltools.gnu-tools-for-stm32.10.3-2021.10.win32_1.0.0.202111181127/tools/bin/../lib/gcc/arm-none-eabi/10.3.1/../../../../arm-none-eabi/lib/thumb/v7e-m+fp/hard\libc_nano.a(lib_a-lock.o)
 .ARM.attributes