09:39:33 **** Incremental Build of configuration Debug for project Practica3 ****
make -j8 all 
arm-none-eabi-gcc "../App/Src/app.c" -mcpu=cortex-m4 -std=gnu11 -g3 -DDEBUG -DUSE_HAL_DRIVER -DSTM32F429xx -c -I"D:/Documents/CESE/RTOS1/RTOS1/Practica3/Supporting_Functions/Inc" -I"D:/Documents/CESE/RTOS1/RTOS1/Practica3/App/Inc" -I../Core/Inc -I../Drivers/STM32F4xx_HAL_Driver/Inc -I../Drivers/STM32F4xx_HAL_Driver/Inc/Legacy -I../Drivers/CMSIS/Device/ST/STM32F4xx/Include -I../Drivers/CMSIS/Include -I../Middlewares/Third_Party/FreeRTOS/Source/include -I../Middlewares/Third_Party/FreeRTOS/Source/CMSIS_RTOS -I../Middlewares/Third_Party/FreeRTOS/Source/portable/GCC/ARM_CM4F -O0 -ffunction-sections -fdata-sections -Wall -fstack-usage -MMD -MP -MF"App/Src/app.d" -MT"App/Src/app.o" --specs=nano.specs -mfpu=fpv4-sp-d16 -mfloat-abi=hard -mthumb -o "App/Src/app.o"
arm-none-eabi-gcc "../App/Src/task_Function.c" -mcpu=cortex-m4 -std=gnu11 -g3 -DDEBUG -DUSE_HAL_DRIVER -DSTM32F429xx -c -I"D:/Documents/CESE/RTOS1/RTOS1/Practica3/Supporting_Functions/Inc" -I"D:/Documents/CESE/RTOS1/RTOS1/Practica3/App/Inc" -I../Core/Inc -I../Drivers/STM32F4xx_HAL_Driver/Inc -I../Drivers/STM32F4xx_HAL_Driver/Inc/Legacy -I../Drivers/CMSIS/Device/ST/STM32F4xx/Include -I../Drivers/CMSIS/Include -I../Middlewares/Third_Party/FreeRTOS/Source/include -I../Middlewares/Third_Party/FreeRTOS/Source/CMSIS_RTOS -I../Middlewares/Third_Party/FreeRTOS/Source/portable/GCC/ARM_CM4F -O0 -ffunction-sections -fdata-sections -Wall -fstack-usage -MMD -MP -MF"App/Src/task_Function.d" -MT"App/Src/task_Function.o" --specs=nano.specs -mfpu=fpv4-sp-d16 -mfloat-abi=hard -mthumb -o "App/Src/task_Function.o"
../App/Src/app.c: In function 'appInit':
../App/Src/app.c:99:21: error: 'vTaskFunction' undeclared (first use in this function); did you mean 'TaskFunction_t'?
   99 |  ret = xTaskCreate( vTaskFunction,    /* Pointer to the function thats implement the task. */
      |                     ^~~~~~~~~~~~~
      |                     TaskFunction_t
../App/Src/app.c:99:21: note: each undeclared identifier is reported only once for each function it appears in
make: *** [App/Src/subdir.mk:22: App/Src/app.o] Error 1
make: *** Waiting for unfinished jobs....
"make -j8 all" terminated with exit code 2. Build might be incomplete.
09:42:02 **** Incremental Build of configuration Debug for project Practica3 ****
make -j8 all 
arm-none-eabi-gcc "../App/Src/app.c" -mcpu=cortex-m4 -std=gnu11 -g3 -DDEBUG -DUSE_HAL_DRIVER -DSTM32F429xx -c -I"D:/Documents/CESE/RTOS1/RTOS1/Practica3/Supporting_Functions/Inc" -I"D:/Documents/CESE/RTOS1/RTOS1/Practica3/App/Inc" -I../Core/Inc -I../Drivers/STM32F4xx_HAL_Driver/Inc -I../Drivers/STM32F4xx_HAL_Driver/Inc/Legacy -I../Drivers/CMSIS/Device/ST/STM32F4xx/Include -I../Drivers/CMSIS/Include -I../Middlewares/Third_Party/FreeRTOS/Source/include -I../Middlewares/Third_Party/FreeRTOS/Source/CMSIS_RTOS -I../Middlewares/Third_Party/FreeRTOS/Source/portable/GCC/ARM_CM4F -O0 -ffunction-sections -fdata-sections -Wall -fstack-usage -MMD -MP -MF"App/Src/app.d" -MT"App/Src/app.o" --specs=nano.specs -mfpu=fpv4-sp-d16 -mfloat-abi=hard -mthumb -o "App/Src/app.o"
arm-none-eabi-gcc "../App/Src/task_Function.c" -mcpu=cortex-m4 -std=gnu11 -g3 -DDEBUG -DUSE_HAL_DRIVER -DSTM32F429xx -c -I"D:/Documents/CESE/RTOS1/RTOS1/Practica3/Supporting_Functions/Inc" -I"D:/Documents/CESE/RTOS1/RTOS1/Practica3/App/Inc" -I../Core/Inc -I../Drivers/STM32F4xx_HAL_Driver/Inc -I../Drivers/STM32F4xx_HAL_Driver/Inc/Legacy -I../Drivers/CMSIS/Device/ST/STM32F4xx/Include -I../Drivers/CMSIS/Include -I../Middlewares/Third_Party/FreeRTOS/Source/include -I../Middlewares/Third_Party/FreeRTOS/Source/CMSIS_RTOS -I../Middlewares/Third_Party/FreeRTOS/Source/portable/GCC/ARM_CM4F -O0 -ffunction-sections -fdata-sections -Wall -fstack-usage -MMD -MP -MF"App/Src/task_Function.d" -MT"App/Src/task_Function.o" --specs=nano.specs -mfpu=fpv4-sp-d16 -mfloat-abi=hard -mthumb -o "App/Src/task_Function.o"
arm-none-eabi-gcc -o "Practica3.elf" @"objects.list"   -mcpu=cortex-m4 -T"D:\Documents\CESE\RTOS1\RTOS1\Practica3\STM32F429ZITX_FLASH.ld" --specs=nosys.specs -Wl,-Map="Practica3.map" -Wl,--gc-sections -static --specs=nano.specs -mfpu=fpv4-sp-d16 -mfloat-abi=hard -mthumb -Wl,--start-group -lc -lm -Wl,--end-group
Finished building target: Practica3.elf
 
arm-none-eabi-size   Practica3.elf 
arm-none-eabi-objdump -h -S  Practica3.elf  > "Practica3.list"
   text	   data	    bss	    dec	    hex	filename
  25760	    184	  19296	  45240	   b0b8	Practica3.elf
Finished building: default.size.stdout
 
Finished building: Practica3.list
 
