10:22:08 **** Incremental Build of configuration Debug for project Practica4 ****
make -j8 all 
arm-none-eabi-gcc "../App/Src/task_Button.c" -mcpu=cortex-m4 -std=gnu11 -g3 -DDEBUG -DUSE_HAL_DRIVER -DSTM32F429xx -c -I"D:/Documents/CESE/RTOS1/RTOS1/Practica4/Supporting_Functions/Inc" -I"D:/Documents/CESE/RTOS1/RTOS1/Practica4/App/Inc" -I../Core/Inc -I../Drivers/STM32F4xx_HAL_Driver/Inc -I../Drivers/STM32F4xx_HAL_Driver/Inc/Legacy -I../Drivers/CMSIS/Device/ST/STM32F4xx/Include -I../Drivers/CMSIS/Include -I../Middlewares/Third_Party/FreeRTOS/Source/include -I../Middlewares/Third_Party/FreeRTOS/Source/CMSIS_RTOS -I../Middlewares/Third_Party/FreeRTOS/Source/portable/GCC/ARM_CM4F -O0 -ffunction-sections -fdata-sections -Wall -fstack-usage -MMD -MP -MF"App/Src/task_Button.d" -MT"App/Src/task_Button.o" --specs=nano.specs -mfpu=fpv4-sp-d16 -mfloat-abi=hard -mthumb -o "App/Src/task_Button.o"
arm-none-eabi-gcc "../App/Src/task_Led.c" -mcpu=cortex-m4 -std=gnu11 -g3 -DDEBUG -DUSE_HAL_DRIVER -DSTM32F429xx -c -I"D:/Documents/CESE/RTOS1/RTOS1/Practica4/Supporting_Functions/Inc" -I"D:/Documents/CESE/RTOS1/RTOS1/Practica4/App/Inc" -I../Core/Inc -I../Drivers/STM32F4xx_HAL_Driver/Inc -I../Drivers/STM32F4xx_HAL_Driver/Inc/Legacy -I../Drivers/CMSIS/Device/ST/STM32F4xx/Include -I../Drivers/CMSIS/Include -I../Middlewares/Third_Party/FreeRTOS/Source/include -I../Middlewares/Third_Party/FreeRTOS/Source/CMSIS_RTOS -I../Middlewares/Third_Party/FreeRTOS/Source/portable/GCC/ARM_CM4F -O0 -ffunction-sections -fdata-sections -Wall -fstack-usage -MMD -MP -MF"App/Src/task_Led.d" -MT"App/Src/task_Led.o" --specs=nano.specs -mfpu=fpv4-sp-d16 -mfloat-abi=hard -mthumb -o "App/Src/task_Led.o"
arm-none-eabi-gcc -o "Practica4.elf" @"objects.list"   -mcpu=cortex-m4 -T"D:\Documents\CESE\RTOS1\RTOS1\Practica4\STM32F429ZITX_FLASH.ld" --specs=nosys.specs -Wl,-Map="Practica4.map" -Wl,--gc-sections -static --specs=nano.specs -mfpu=fpv4-sp-d16 -mfloat-abi=hard -mthumb -Wl,--start-group -lc -lm -Wl,--end-group
Finished building target: Practica4.elf
 
arm-none-eabi-size   Practica4.elf 
arm-none-eabi-objdump -h -S  Practica4.elf  > "Practica4.list"
   text	   data	    bss	    dec	    hex	filename
  28560	    180	  19300	  48040	   bba8	Practica4.elf
Finished building: default.size.stdout
 
Finished building: Practica4.list
 

10:22:10 Build Finished. 0 errors, 0 warnings. (took 1s.183ms)

