11:10:06 **** Incremental Build of configuration Debug for project Practica1 ****
make -j8 all 
arm-none-eabi-gcc "../Src/main.c" -mcpu=cortex-m4 -std=gnu11 -g3 -DDEBUG -DSTM32 -DSTM32F429ZITx -DSTM32F4 -DNUCLEO_F429ZI -DUSE_HAL_DRIVER -DSTM32F429xx -c -I../Inc -I"D:/Documents/CESE/RTOSI/RTOS1/Practica1/Drivers/STM32F4xx_HAL_Driver/Inc" -I"D:/Documents/CESE/RTOSI/RTOS1/Practica1/Drivers/CMSIS/Include" -I"D:/Documents/CESE/RTOSI/RTOS1/Practica1/Drivers/CMSIS/Device/ST/STM32F4xx/Include" -I"D:/Documents/CESE/RTOSI/RTOS1/Practica1/Drivers/BSP/STM32F4xx_Nucleo_144" -I"D:/Documents/CESE/RTOSI/RTOS1/Practica1/Drivers/Core/Inc" -I"D:/Documents/CESE/RTOSI/RTOS1/Practica1/Drivers/API" -I"D:/Documents/CESE/RTOSI/RTOS1/Practica1/Drivers/API/inc" -I"D:/Documents/CESE/RTOSI/RTOS1/Practica1/Drivers/API/src" -O0 -ffunction-sections -fdata-sections -Wall -fstack-usage -MMD -MP -MF"Src/main.d" -MT"Src/main.o" --specs=nano.specs -mfpu=fpv4-sp-d16 -mfloat-abi=hard -mthumb -o "Src/main.o"
arm-none-eabi-gcc -o "Practica1.elf" @"objects.list"   -mcpu=cortex-m4 -T"D:\Documents\CESE\RTOSI\RTOS1\Practica1\STM32F429ZITX_FLASH.ld" --specs=nosys.specs -Wl,-Map="Practica1.map" -Wl,--gc-sections -static --specs=nano.specs -mfpu=fpv4-sp-d16 -mfloat-abi=hard -mthumb -Wl,--start-group -lc -lm -Wl,--end-group
Finished building target: Practica1.elf
 
arm-none-eabi-size   Practica1.elf 
arm-none-eabi-objdump -h -S  Practica1.elf  > "Practica1.list"
   text	   data	    bss	    dec	    hex	filename
   9548	     36	   1668	  11252	   2bf4	Practica1.elf
Finished building: default.size.stdout
 
Finished building: Practica1.list
 

11:10:08 Build Finished. 0 errors, 0 warnings. (took 1s.399ms)

